Archive member included to satisfy reference by file (symbol)

c:/st/stm32cubeide_1.1.0/stm32cubeide/plugins/com.st.stm32cube.ide.mcu.externaltools.gnu-tools-for-stm32.7-2018-q2-update.win32_1.0.0.201904181610/tools/bin/../lib/gcc/arm-none-eabi/7.3.1/../../../../arm-none-eabi/lib/thumb/v7-m\libc_nano.a(lib_a-atof.o)
                              Application/Src/ceju_data_handle.o (atof)
c:/st/stm32cubeide_1.1.0/stm32cubeide/plugins/com.st.stm32cube.ide.mcu.externaltools.gnu-tools-for-stm32.7-2018-q2-update.win32_1.0.0.201904181610/tools/bin/../lib/gcc/arm-none-eabi/7.3.1/../../../../arm-none-eabi/lib/thumb/v7-m\libc_nano.a(lib_a-exit.o)
                              c:/st/stm32cubeide_1.1.0/stm32cubeide/plugins/com.st.stm32cube.ide.mcu.externaltools.gnu-tools-for-stm32.7-2018-q2-update.win32_1.0.0.201904181610/tools/bin/../lib/gcc/arm-none-eabi/7.3.1/../../../../arm-none-eabi/lib/thumb/v7-m/crt0.o (exit)
c:/st/stm32cubeide_1.1.0/stm32cubeide/plugins/com.st.stm32cube.ide.mcu.externaltools.gnu-tools-for-stm32.7-2018-q2-update.win32_1.0.0.201904181610/tools/bin/../lib/gcc/arm-none-eabi/7.3.1/../../../../arm-none-eabi/lib/thumb/v7-m\libc_nano.a(lib_a-impure.o)
                              c:/st/stm32cubeide_1.1.0/stm32cubeide/plugins/com.st.stm32cube.ide.mcu.externaltools.gnu-tools-for-stm32.7-2018-q2-update.win32_1.0.0.201904181610/tools/bin/../lib/gcc/arm-none-eabi/7.3.1/../../../../arm-none-eabi/lib/thumb/v7-m\libc_nano.a(lib_a-exit.o) (_global_impure_ptr)
c:/st/stm32cubeide_1.1.0/stm32cubeide/plugins/com.st.stm32cube.ide.mcu.externaltools.gnu-tools-for-stm32.7-2018-q2-update.win32_1.0.0.201904181610/tools/bin/../lib/gcc/arm-none-eabi/7.3.1/../../../../arm-none-eabi/lib/thumb/v7-m\libc_nano.a(lib_a-init.o)
                              c:/st/stm32cubeide_1.1.0/stm32cubeide/plugins/com.st.stm32cube.ide.mcu.externaltools.gnu-tools-for-stm32.7-2018-q2-update.win32_1.0.0.201904181610/tools/bin/../lib/gcc/arm-none-eabi/7.3.1/../../../../arm-none-eabi/lib/thumb/v7-m/crt0.o (__libc_init_array)
c:/st/stm32cubeide_1.1.0/stm32cubeide/plugins/com.st.stm32cube.ide.mcu.externaltools.gnu-tools-for-stm32.7-2018-q2-update.win32_1.0.0.201904181610/tools/bin/../lib/gcc/arm-none-eabi/7.3.1/../../../../arm-none-eabi/lib/thumb/v7-m\libc_nano.a(lib_a-malloc.o)
                              components/support/fifo.o (malloc)
c:/st/stm32cubeide_1.1.0/stm32cubeide/plugins/com.st.stm32cube.ide.mcu.externaltools.gnu-tools-for-stm32.7-2018-q2-update.win32_1.0.0.201904181610/tools/bin/../lib/gcc/arm-none-eabi/7.3.1/../../../../arm-none-eabi/lib/thumb/v7-m\libc_nano.a(lib_a-memcpy-stub.o)
                              Application/Src/adc_data_handle.o (memcpy)
c:/st/stm32cubeide_1.1.0/stm32cubeide/plugins/com.st.stm32cube.ide.mcu.externaltools.gnu-tools-for-stm32.7-2018-q2-update.win32_1.0.0.201904181610/tools/bin/../lib/gcc/arm-none-eabi/7.3.1/../../../../arm-none-eabi/lib/thumb/v7-m\libc_nano.a(lib_a-memset.o)
                              c:/st/stm32cubeide_1.1.0/stm32cubeide/plugins/com.st.stm32cube.ide.mcu.externaltools.gnu-tools-for-stm32.7-2018-q2-update.win32_1.0.0.201904181610/tools/bin/../lib/gcc/arm-none-eabi/7.3.1/../../../../arm-none-eabi/lib/thumb/v7-m/crt0.o (memset)
c:/st/stm32cubeide_1.1.0/stm32cubeide/plugins/com.st.stm32cube.ide.mcu.externaltools.gnu-tools-for-stm32.7-2018-q2-update.win32_1.0.0.201904181610/tools/bin/../lib/gcc/arm-none-eabi/7.3.1/../../../../arm-none-eabi/lib/thumb/v7-m\libc_nano.a(lib_a-nano-freer.o)
                              c:/st/stm32cubeide_1.1.0/stm32cubeide/plugins/com.st.stm32cube.ide.mcu.externaltools.gnu-tools-for-stm32.7-2018-q2-update.win32_1.0.0.201904181610/tools/bin/../lib/gcc/arm-none-eabi/7.3.1/../../../../arm-none-eabi/lib/thumb/v7-m\libc_nano.a(lib_a-malloc.o) (_free_r)
c:/st/stm32cubeide_1.1.0/stm32cubeide/plugins/com.st.stm32cube.ide.mcu.externaltools.gnu-tools-for-stm32.7-2018-q2-update.win32_1.0.0.201904181610/tools/bin/../lib/gcc/arm-none-eabi/7.3.1/../../../../arm-none-eabi/lib/thumb/v7-m\libc_nano.a(lib_a-nano-mallocr.o)
                              c:/st/stm32cubeide_1.1.0/stm32cubeide/plugins/com.st.stm32cube.ide.mcu.externaltools.gnu-tools-for-stm32.7-2018-q2-update.win32_1.0.0.201904181610/tools/bin/../lib/gcc/arm-none-eabi/7.3.1/../../../../arm-none-eabi/lib/thumb/v7-m\libc_nano.a(lib_a-malloc.o) (_malloc_r)
c:/st/stm32cubeide_1.1.0/stm32cubeide/plugins/com.st.stm32cube.ide.mcu.externaltools.gnu-tools-for-stm32.7-2018-q2-update.win32_1.0.0.201904181610/tools/bin/../lib/gcc/arm-none-eabi/7.3.1/../../../../arm-none-eabi/lib/thumb/v7-m\libc_nano.a(lib_a-sbrkr.o)
                              c:/st/stm32cubeide_1.1.0/stm32cubeide/plugins/com.st.stm32cube.ide.mcu.externaltools.gnu-tools-for-stm32.7-2018-q2-update.win32_1.0.0.201904181610/tools/bin/../lib/gcc/arm-none-eabi/7.3.1/../../../../arm-none-eabi/lib/thumb/v7-m\libc_nano.a(lib_a-nano-mallocr.o) (_sbrk_r)
[...]
Memory Configuration

Name             Origin             Length             Attributes
RAM              0x0000000020000000 0x0000000000010000 xrw
FLASH            0x0000000008000000 0x0000000000080000 xr
*default*        0x0000000000000000 0xffffffffffffffff

Linker script and memory map

LOAD c:/st/stm32cubeide_1.1.0/stm32cubeide/plugins/com.st.stm32cube.ide.mcu.externaltools.gnu-tools-for-stm32.7-2018-q2-update.win32_1.0.0.201904181610/tools/bin/../lib/gcc/arm-none-eabi/7.3.1/thumb/v7-m/crti.o
LOAD c:/st/stm32cubeide_1.1.0/stm32cubeide/plugins/com.st.stm32cube.ide.mcu.externaltools.gnu-tools-for-stm32.7-2018-q2-update.win32_1.0.0.201904181610/tools/bin/../lib/gcc/arm-none-eabi/7.3.1/thumb/v7-m/crtbegin.o
LOAD c:/st/stm32cubeide_1.1.0/stm32cubeide/plugins/com.st.stm32cube.ide.mcu.externaltools.gnu-tools-for-stm32.7-2018-q2-update.win32_1.0.0.201904181610/tools/bin/../lib/gcc/arm-none-eabi/7.3.1/../../../../arm-none-eabi/lib/thumb/v7-m/crt0.o
LOAD Application/Src/adc_data_handle.o
LOAD Application/Src/ceju_data_handle.o
LOAD Application/Src/cmd.o
LOAD Application/Src/communicate.o
LOAD Application/Src/init.o
LOAD Application/Src/init_task.o
LOAD Application/Src/lens_task.o
LOAD Application/Src/period.o
LOAD Application/Src/protocal_data_handle.o
LOAD Application/Src/system_cmd.o
LOAD Core/Src/adc.o
LOAD Core/Src/dma.o
LOAD Core/Src/freertos.o
LOAD Core/Src/gpio.o
LOAD Core/Src/main.o
LOAD Core/Src/stm32f1xx_hal_msp.o
LOAD Core/Src/stm32f1xx_hal_timebase_tim.o
LOAD Core/Src/stm32f1xx_it.o
LOAD Core/Src/system_stm32f1xx.o
LOAD Core/Src/tim.o
LOAD Core/Src/usart.o
LOAD Drivers/STM32F1xx_HAL_Driver/Src/stm32f1xx_hal.o
LOAD Drivers/STM32F1xx_HAL_Driver/Src/stm32f1xx_hal_adc.o
LOAD Drivers/STM32F1xx_HAL_Driver/Src/stm32f1xx_hal_adc_ex.o
LOAD Drivers/STM32F1xx_HAL_Driver/Src/stm32f1xx_hal_cortex.o
LOAD Drivers/STM32F1xx_HAL_Driver/Src/stm32f1xx_hal_dma.o
LOAD Drivers/STM32F1xx_HAL_Driver/Src/stm32f1xx_hal_exti.o
LOAD Drivers/STM32F1xx_HAL_Driver/Src/stm32f1xx_hal_flash.o
LOAD Drivers/STM32F1xx_HAL_Driver/Src/stm32f1xx_hal_flash_ex.o
LOAD Drivers/STM32F1xx_HAL_Driver/Src/stm32f1xx_hal_gpio.o
LOAD Drivers/STM32F1xx_HAL_Driver/Src/stm32f1xx_hal_gpio_ex.o
LOAD Drivers/STM32F1xx_HAL_Driver/Src/stm32f1xx_hal_pwr.o
LOAD Drivers/STM32F1xx_HAL_Driver/Src/stm32f1xx_hal_rcc.o
LOAD Drivers/STM32F1xx_HAL_Driver/Src/stm32f1xx_hal_rcc_ex.o
LOAD Drivers/STM32F1xx_HAL_Driver/Src/stm32f1xx_hal_tim.o
LOAD Drivers/STM32F1xx_HAL_Driver/Src/stm32f1xx_hal_tim_ex.o
LOAD Drivers/STM32F1xx_HAL_Driver/Src/stm32f1xx_hal_uart.o
LOAD Middlewares/Third_Party/FreeRTOS/Source/CMSIS_RTOS/cmsis_os.o
LOAD Middlewares/Third_Party/FreeRTOS/Source/croutine.o
LOAD Middlewares/Third_Party/FreeRTOS/Source/event_groups.o
LOAD Middlewares/Third_Party/FreeRTOS/Source/list.o
LOAD Middlewares/Third_Party/FreeRTOS/Source/queue.o
LOAD Middlewares/Third_Party/FreeRTOS/Source/stream_buffer.o
LOAD Middlewares/Third_Party/FreeRTOS/Source/tasks.o
LOAD Middlewares/Third_Party/FreeRTOS/Source/timers.o
LOAD Middlewares/Third_Party/FreeRTOS/Source/portable/GCC/ARM_CM3/port.o
LOAD Middlewares/Third_Party/FreeRTOS/Source/portable/MemMang/heap_4.o
LOAD Startup/startup_stm32f103vetx.o
LOAD bsp/Src/drv_adc.o
LOAD bsp/Src/drv_flash.o
LOAD bsp/Src/drv_uart.o
LOAD components/algorithm/pid.o
LOAD components/devices/device.o
LOAD components/devices/m62429.o
LOAD components/devices/motor.o
LOAD components/devices/stepper_motor.o
LOAD components/modules/2d_bracket.o
LOAD components/modules/charge_test.o
LOAD components/modules/lens.o
LOAD components/modules/protect_structure.o
LOAD components/object/object.o
LOAD components/support/fifo.o
LOAD components/support/mem_mang4.o
LOAD components/support/mf_crc.o
LOAD components/support/package.o
START GROUP
LOAD c:/st/stm32cubeide_1.1.0/stm32cubeide/plugins/com.st.stm32cube.ide.mcu.externaltools.gnu-tools-for-stm32.7-2018-q2-update.win32_1.0.0.201904181610/tools/bin/../lib/gcc/arm-none-eabi/7.3.1/../../../../arm-none-eabi/lib/thumb/v7-m\libc_nano.a
LOAD c:/st/stm32cubeide_1.1.0/stm32cubeide/plugins/com.st.stm32cube.ide.mcu.externaltools.gnu-tools-for-stm32.7-2018-q2-update.win32_1.0.0.201904181610/tools/bin/../lib/gcc/arm-none-eabi/7.3.1/../../../../arm-none-eabi/lib/thumb/v7-m\libm.a
END GROUP
START GROUP
LOAD c:/st/stm32cubeide_1.1.0/stm32cubeide/plugins/com.st.stm32cube.ide.mcu.externaltools.gnu-tools-for-stm32.7-2018-q2-update.win32_1.0.0.201904181610/tools/bin/../lib/gcc/arm-none-eabi/7.3.1/thumb/v7-m\libgcc.a
LOAD c:/st/stm32cubeide_1.1.0/stm32cubeide/plugins/com.st.stm32cube.ide.mcu.externaltools.gnu-tools-for-stm32.7-2018-q2-update.win32_1.0.0.201904181610/tools/bin/../lib/gcc/arm-none-eabi/7.3.1/../../../../arm-none-eabi/lib/thumb/v7-m\libc_nano.a
END GROUP
START GROUP
LOAD c:/st/stm32cubeide_1.1.0/stm32cubeide/plugins/com.st.stm32cube.ide.mcu.externaltools.gnu-tools-for-stm32.7-2018-q2-update.win32_1.0.0.201904181610/tools/bin/../lib/gcc/arm-none-eabi/7.3.1/thumb/v7-m\libgcc.a
LOAD c:/st/stm32cubeide_1.1.0/stm32cubeide/plugins/com.st.stm32cube.ide.mcu.externaltools.gnu-tools-for-stm32.7-2018-q2-update.win32_1.0.0.201904181610/tools/bin/../lib/gcc/arm-none-eabi/7.3.1/../../../../arm-none-eabi/lib/thumb/v7-m\libc_nano.a
LOAD c:/st/stm32cubeide_1.1.0/stm32cubeide/plugins/com.st.stm32cube.ide.mcu.externaltools.gnu-tools-for-stm32.7-2018-q2-update.win32_1.0.0.201904181610/tools/bin/../lib/gcc/arm-none-eabi/7.3.1/../../../../arm-none-eabi/lib/thumb/v7-m\libnosys.a
END GROUP
START GROUP
LOAD c:/st/stm32cubeide_1.1.0/stm32cubeide/plugins/com.st.stm32cube.ide.mcu.externaltools.gnu-tools-for-stm32.7-2018-q2-update.win32_1.0.0.201904181610/tools/bin/../lib/gcc/arm-none-eabi/7.3.1/thumb/v7-m\libgcc.a
LOAD c:/st/stm32cubeide_1.1.0/stm32cubeide/plugins/com.st.stm32cube.ide.mcu.externaltools.gnu-tools-for-stm32.7-2018-q2-update.win32_1.0.0.201904181610/tools/bin/../lib/gcc/arm-none-eabi/7.3.1/../../../../arm-none-eabi/lib/thumb/v7-m\libc_nano.a
LOAD c:/st/stm32cubeide_1.1.0/stm32cubeide/plugins/com.st.stm32cube.ide.mcu.externaltools.gnu-tools-for-stm32.7-2018-q2-update.win32_1.0.0.201904181610/tools/bin/../lib/gcc/arm-none-eabi/7.3.1/../../../../arm-none-eabi/lib/thumb/v7-m\libnosys.a
END GROUP
LOAD c:/st/stm32cubeide_1.1.0/stm32cubeide/plugins/com.st.stm32cube.ide.mcu.externaltools.gnu-tools-for-stm32.7-2018-q2-update.win32_1.0.0.201904181610/tools/bin/../lib/gcc/arm-none-eabi/7.3.1/thumb/v7-m/crtend.o
LOAD c:/st/stm32cubeide_1.1.0/stm32cubeide/plugins/com.st.stm32cube.ide.mcu.externaltools.gnu-tools-for-stm32.7-2018-q2-update.win32_1.0.0.201904181610/tools/bin/../lib/gcc/arm-none-eabi/7.3.1/thumb/v7-m/crtn.o
                0x0000000020010000                _estack = 0x20010000
                0x0000000000000800                _Min_Heap_Size = 0x800
                0x0000000000000400                _Min_Stack_Size = 0x400

.isr_vector     0x0000000008000000      0x1e4
                0x0000000008000000                . = ALIGN (0x4)
 *(.isr_vector)
 .isr_vector    0x0000000008000000      0x1e4 Startup/startup_stm32f103vetx.o
                0x0000000008000000                g_pfnVectors
                0x00000000080001e4                . = ALIGN (0x4)

.text           0x00000000080001f0     0xef34
                0x00000000080001f0                . = ALIGN (0x4)
 *(.text)
 .text          0x00000000080001f0       0x40 c:/st/stm32cubeide_1.1.0/stm32cubeide/plugins/com.st.stm32cube.ide.mcu.externaltools.gnu-tools-for-stm32.7-2018-q2-update.win32_1.0.0.201904181610/tools/bin/../lib/gcc/arm-none-eabi/7.3.1/thumb/v7-m/crtbegin.o
 .text          0x0000000008000230       0x10 c:/st/stm32cubeide_1.1.0/stm32cubeide/plugins/com.st.stm32cube.ide.mcu.externaltools.gnu-tools-for-stm32.7-2018-q2-update.win32_1.0.0.201904181610/tools/bin/../lib/gcc/arm-none-eabi/7.3.1/../../../../arm-none-eabi/lib/thumb/v7-m\libc_nano.a(lib_a-strlen.o)
                0x0000000008000230                strlen
 .text          0x0000000008000240      0x378 c:/st/stm32cubeide_1.1.0/stm32cubeide/plugins/com.st.stm32cube.ide.mcu.externaltools.gnu-tools-for-stm32.7-2018-q2-update.win32_1.0.0.201904181610/tools/bin/../lib/gcc/arm-none-eabi/7.3.1/thumb/v7-m\libgcc.a(_arm_addsubdf3.o)
                0x0000000008000240                __aeabi_drsub
                0x0000000008000248                __aeabi_dsub
                0x0000000008000248                __subdf3
                0x000000000800024c                __aeabi_dadd
                0x000000000800024c                __adddf3
                0x00000000080004c4                __floatunsidf
                0x00000000080004c4                __aeabi_ui2d
                0x00000000080004e4                __floatsidf
                0x00000000080004e4                __aeabi_i2d
                0x0000000008000508                __aeabi_f2d
                0x0000000008000508                __extendsfdf2
                0x000000000800054c                __floatundidf
                0x000000000800054c                __aeabi_ul2d
                0x000000000800055c                __floatdidf
                0x000000000800055c                __aeabi_l2d
 .text          0x00000000080005b8      0x424 c:/st/stm32cubeide_1.1.0/stm32cubeide/plugins/com.st.stm32cube.ide.mcu.externaltools.gnu-tools-for-stm32.7-2018-q2-update.win32_1.0.0.201904181610/tools/bin/../lib/gcc/arm-none-eabi/7.3.1/thumb/v7-m\libgcc.a(_arm_muldivdf3.o)
                0x00000000080005b8                __aeabi_dmul
                0x00000000080005b8                __muldf3
                0x000000000800080c                __divdf3
                0x000000000800080c                __aeabi_ddiv
 .text          0x00000000080009dc      0x110 c:/st/stm32cubeide_1.1.0/stm32cubeide/plugins/com.st.stm32cube.ide.mcu.externaltools.gnu-tools-for-stm32.7-2018-q2-update.win32_1.0.0.201904181610/tools/bin/../lib/gcc/arm-none-eabi/7.3.1/thumb/v7-m\libgcc.a(_arm_cmpdf2.o)
                0x00000000080009dc                __gtdf2
                0x00000000080009dc                __gedf2
                0x00000000080009e4                __ltdf2
                0x00000000080009e4                __ledf2
                0x00000000080009ec                __nedf2
                0x00000000080009ec                __eqdf2
                0x00000000080009ec                __cmpdf2
                0x0000000008000a68                __aeabi_cdrcmple
                0x0000000008000a78                __aeabi_cdcmpeq
                0x0000000008000a78                __aeabi_cdcmple
                0x0000000008000a88                __aeabi_dcmpeq
                0x0000000008000a9c                __aeabi_dcmplt
                0x0000000008000ab0                __aeabi_dcmple
                0x0000000008000ac4                __aeabi_dcmpge
                0x0000000008000ad8                __aeabi_dcmpgt
 .text          0x0000000008000aec       0x50 c:/st/stm32cubeide_1.1.0/stm32cubeide/plugins/com.st.stm32cube.ide.mcu.externaltools.gnu-tools-for-stm32.7-2018-q2-update.win32_1.0.0.201904181610/tools/bin/../lib/gcc/arm-none-eabi/7.3.1/thumb/v7-m\libgcc.a(_arm_fixdfsi.o)
                0x0000000008000aec                __aeabi_d2iz
                0x0000000008000aec                __fixdfsi
 .text          0x0000000008000b3c       0x40 c:/st/stm32cubeide_1.1.0/stm32cubeide/plugins/com.st.stm32cube.ide.mcu.externaltools.gnu-tools-for-stm32.7-2018-q2-update.win32_1.0.0.201904181610/tools/bin/../lib/gcc/arm-none-eabi/7.3.1/thumb/v7-m\libgcc.a(_arm_fixunsdfsi.o)
                0x0000000008000b3c                __aeabi_d2uiz
                0x0000000008000b3c                __fixunsdfsi
 .text          0x0000000008000b7c      0x21c c:/st/stm32cubeide_1.1.0/stm32cubeide/plugins/com.st.stm32cube.ide.mcu.externaltools.gnu-tools-for-stm32.7-2018-q2-update.win32_1.0.0.201904181610/tools/bin/../lib/gcc/arm-none-eabi/7.3.1/thumb/v7-m\libgcc.a(_arm_addsubsf3.o)
                0x0000000008000b7c                __aeabi_frsub
                0x0000000008000b84                __subsf3
                0x0000000008000b84                __aeabi_fsub
                0x0000000008000b88                __aeabi_fadd
                0x0000000008000b88                __addsf3
                0x0000000008000ce8                __aeabi_ui2f
                0x0000000008000ce8                __floatunsisf
                0x0000000008000cf0                __aeabi_i2f
                0x0000000008000cf0                __floatsisf
                0x0000000008000d0c                __aeabi_ul2f
                0x0000000008000d0c                __floatundisf
                0x0000000008000d1c                __aeabi_l2f
                0x0000000008000d1c                __floatdisf
 .text          0x0000000008000d98      0x2a0 c:/st/stm32cubeide_1.1.0/stm32cubeide/plugins/com.st.stm32cube.ide.mcu.externaltools.gnu-tools-for-stm32.7-2018-q2-update.win32_1.0.0.201904181610/tools/bin/../lib/gcc/arm-none-eabi/7.3.1/thumb/v7-m\libgcc.a(_arm_muldivsf3.o)
                0x0000000008000d98                __mulsf3
                0x0000000008000d98                __aeabi_fmul
                0x0000000008000f00                __aeabi_fdiv
                0x0000000008000f00                __divsf3
 .text          0x0000000008001038       0xec c:/st/stm32cubeide_1.1.0/stm32cubeide/plugins/com.st.stm32cube.ide.mcu.externaltools.gnu-tools-for-stm32.7-2018-q2-update.win32_1.0.0.201904181610/tools/bin/../lib/gcc/arm-none-eabi/7.3.1/thumb/v7-m\libgcc.a(_arm_cmpsf2.o)
                0x0000000008001038                __gesf2
                0x0000000008001038                __gtsf2
                0x0000000008001040                __lesf2
                0x0000000008001040                __ltsf2
                0x0000000008001048                __nesf2
                0x0000000008001048                __eqsf2
                0x0000000008001048                __cmpsf2
                0x00000000080010a8                __aeabi_cfrcmple
                0x00000000080010b0                __aeabi_cfcmpeq
                0x00000000080010b0                __aeabi_cfcmple
                0x00000000080010c0                __aeabi_fcmpeq
                0x00000000080010d4                __aeabi_fcmplt
                0x00000000080010e8                __aeabi_fcmple
                0x00000000080010fc                __aeabi_fcmpge
                0x0000000008001110                __aeabi_fcmpgt
 .text          0x0000000008001124       0x4c c:/st/stm32cubeide_1.1.0/stm32cubeide/plugins/com.st.stm32cube.ide.mcu.externaltools.gnu-tools-for-stm32.7-2018-q2-update.win32_1.0.0.201904181610/tools/bin/../lib/gcc/arm-none-eabi/7.3.1/thumb/v7-m\libgcc.a(_arm_fixsfsi.o)
                0x0000000008001124                __aeabi_f2iz
                0x0000000008001124                __fixsfsi
 *(.text*)
 .text.adh_param_init
                0x0000000008001170       0x14 Application/Src/adc_data_handle.o
                0x0000000008001170                adh_param_init
 .text.adc_upload_data_register
                0x0000000008001184       0x1c Application/Src/adc_data_handle.o
                0x0000000008001184                adc_upload_data_register
 .text.adh_prase_adc_dam_data
                0x00000000080011a0      0x100 Application/Src/adc_data_handle.o
                0x00000000080011a0                adh_prase_adc_dam_data
 .text.cj_param_init
                0x00000000080012a0       0x38 Application/Src/ceju_data_handle.o
                0x00000000080012a0                cj_param_init
 .text.cj_uart_rx_data_handle
                0x00000000080012d8       0x34 Application/Src/ceju_data_handle.o
                0x00000000080012d8                cj_uart_rx_data_handle
 .text.cj_data_handler
                0x000000000800130c       0xb0 Application/Src/ceju_data_handle.o
                0x000000000800130c                cj_data_handler
 .text.cj_get_distance
                0x00000000080013bc       0x2c Application/Src/ceju_data_handle.o
                0x00000000080013bc                cj_get_distance
 .text.cj_unpack_fifo_data
                0x00000000080013e8      0x410 Application/Src/ceju_data_handle.o
                0x00000000080013e8                cj_unpack_fifo_data
 .text.start_distance_measure
                0x00000000080017f8       0x24 Application/Src/ceju_data_handle.o
                0x00000000080017f8                start_distance_measure
 .text.stop_distance_measure
                0x000000000800181c       0x2c Application/Src/ceju_data_handle.o
                0x000000000800181c                stop_distance_measure
 .text.protocol_rcv_cmd_register
                0x0000000008001848       0x68 Application/Src/cmd.o
                0x0000000008001848                protocol_rcv_cmd_register
 .text.protocol_rcv_pack_handle
                0x00000000080018b0       0x74 Application/Src/cmd.o
                0x00000000080018b0                protocol_rcv_pack_handle
 .text.communicate_task
                0x0000000008001924       0x3c Application/Src/communicate.o
                0x0000000008001924                communicate_task
 .text.device_init
                0x0000000008001960       0x84 Application/Src/init.o
                0x0000000008001960                device_init
 .text.init_task
                0x00000000080019e4       0xf4 Application/Src/init_task.o
                0x00000000080019e4                init_task
 .text.lens_task
                0x0000000008001ad8       0x30 Application/Src/lens_task.o
                0x0000000008001ad8                lens_task
 .text.left_motor_awd_trigger_handle
                0x0000000008001b08       0x80 Application/Src/lens_task.o
                0x0000000008001b08                left_motor_awd_trigger_handle
 .text.right_motor_awd_trigger_handle
                0x0000000008001b88       0x80 Application/Src/lens_task.o
                0x0000000008001b88                right_motor_awd_trigger_handle
 .text.resume_the_task
                0x0000000008001c08       0x60 Application/Src/lens_task.o
 .text.pdh_param_init
                0x0000000008001c68       0x3c Application/Src/protocal_data_handle.o
                0x0000000008001c68                pdh_param_init
 .text.pdh_uart_rx_data_handle
                0x0000000008001ca4       0x34 Application/Src/protocal_data_handle.o
                0x0000000008001ca4                pdh_uart_rx_data_handle
 .text.pdh_data_handler
                0x0000000008001cd8       0x50 Application/Src/protocal_data_handle.o
                0x0000000008001cd8                pdh_data_handler
 .text.pdh_unpack_fifo_data
                0x0000000008001d28      0x230 Application/Src/protocal_data_handle.o
                0x0000000008001d28                pdh_unpack_fifo_data
 .text.pdh_data_upload
                0x0000000008001f58      0x11c Application/Src/protocal_data_handle.o
                0x0000000008001f58                pdh_data_upload
 .text.pdh_verify_sum
                0x0000000008002074       0x52 Application/Src/protocal_data_handle.o
                0x0000000008002074                pdh_verify_sum
 .text.pdh_get_sum
                0x00000000080020c6       0x3e Application/Src/protocal_data_handle.o
                0x00000000080020c6                pdh_get_sum
 .text.system_cmd_task
                0x0000000008002104      0x208 Application/Src/system_cmd.o
                0x0000000008002104                system_cmd_task
 .text.auto_focus
                0x000000000800230c       0x1a Application/Src/system_cmd.o
 *fill*         0x0000000008002326        0x2 
 .text.left_motor_move
                0x0000000008002328       0xa0 Application/Src/system_cmd.o
 .text.right_motor_move
                0x00000000080023c8       0xa0 Application/Src/system_cmd.o
 .text.ud_stepper_move
                0x0000000008002468       0x60 Application/Src/system_cmd.o
 .text.lr_stepper_move
                0x00000000080024c8       0x60 Application/Src/system_cmd.o
 .text.protect_stepper_move
                0x0000000008002528       0x50 Application/Src/system_cmd.o
 .text.set_volume
                0x0000000008002578       0x2a Application/Src/system_cmd.o
 .text.get_distance
                0x00000000080025a2       0x22 Application/Src/system_cmd.o
 .text.MX_ADC1_Init
                0x00000000080025c4       0xb8 Core/Src/adc.o
                0x00000000080025c4                MX_ADC1_Init
 .text.MX_ADC2_Init
                0x000000000800267c       0xc0 Core/Src/adc.o
                0x000000000800267c                MX_ADC2_Init
 .text.MX_ADC3_Init
                0x000000000800273c       0xc0 Core/Src/adc.o
                0x000000000800273c                MX_ADC3_Init
 .text.HAL_ADC_MspInit
                0x00000000080027fc      0x1dc Core/Src/adc.o
                0x00000000080027fc                HAL_ADC_MspInit
 .text.MX_DMA_Init
                0x00000000080029d8       0x7c Core/Src/dma.o
                0x00000000080029d8                MX_DMA_Init
 .text.MX_FREERTOS_Init
                0x0000000008002a54      0x110 Core/Src/freertos.o
                0x0000000008002a54                MX_FREERTOS_Init
 .text.MX_GPIO_Init
                0x0000000008002b64      0x190 Core/Src/gpio.o
                0x0000000008002b64                MX_GPIO_Init
 .text.main     0x0000000008002cf4       0xc8 Core/Src/main.o
                0x0000000008002cf4                main
 .text.SystemClock_Config
                0x0000000008002dbc       0xba Core/Src/main.o
                0x0000000008002dbc                SystemClock_Config
 .text.HAL_GPIO_EXTI_Callback
                0x0000000008002e76       0x1a Core/Src/main.o
                0x0000000008002e76                HAL_GPIO_EXTI_Callback
 .text.HAL_TIM_PeriodElapsedCallback
                0x0000000008002e90       0x5c Core/Src/main.o
                0x0000000008002e90                HAL_TIM_PeriodElapsedCallback
 .text.Error_Handler
                0x0000000008002eec        0xc Core/Src/main.o
                0x0000000008002eec                Error_Handler
 .text.HAL_MspInit
                0x0000000008002ef8       0x70 Core/Src/stm32f1xx_hal_msp.o
                0x0000000008002ef8                HAL_MspInit
 .text.HAL_InitTick
                0x0000000008002f68       0xb0 Core/Src/stm32f1xx_hal_timebase_tim.o
                0x0000000008002f68                HAL_InitTick
 .text.NMI_Handler
                0x0000000008003018        0xc Core/Src/stm32f1xx_it.o
                0x0000000008003018                NMI_Handler
 .text.HardFault_Handler
                0x0000000008003024        0x6 Core/Src/stm32f1xx_it.o
                0x0000000008003024                HardFault_Handler
 .text.MemManage_Handler
                0x000000000800302a        0x6 Core/Src/stm32f1xx_it.o
                0x000000000800302a                MemManage_Handler
 .text.BusFault_Handler
                0x0000000008003030        0x6 Core/Src/stm32f1xx_it.o
                0x0000000008003030                BusFault_Handler
 .text.UsageFault_Handler
                0x0000000008003036        0x6 Core/Src/stm32f1xx_it.o
                0x0000000008003036                UsageFault_Handler
 .text.DebugMon_Handler
                0x000000000800303c        0xc Core/Src/stm32f1xx_it.o
                0x000000000800303c                DebugMon_Handler
 .text.DMA1_Channel1_IRQHandler
                0x0000000008003048       0x14 Core/Src/stm32f1xx_it.o
                0x0000000008003048                DMA1_Channel1_IRQHandler
 .text.DMA1_Channel2_IRQHandler
                0x000000000800305c       0x14 Core/Src/stm32f1xx_it.o
                0x000000000800305c                DMA1_Channel2_IRQHandler
 .text.DMA1_Channel3_IRQHandler
                0x0000000008003070       0x14 Core/Src/stm32f1xx_it.o
                0x0000000008003070                DMA1_Channel3_IRQHandler
 .text.DMA1_Channel4_IRQHandler
                0x0000000008003084       0x14 Core/Src/stm32f1xx_it.o
                0x0000000008003084                DMA1_Channel4_IRQHandler
 .text.DMA1_Channel5_IRQHandler
                0x0000000008003098       0x14 Core/Src/stm32f1xx_it.o
                0x0000000008003098                DMA1_Channel5_IRQHandler
 .text.ADC1_2_IRQHandler
                0x00000000080030ac       0x1c Core/Src/stm32f1xx_it.o
                0x00000000080030ac                ADC1_2_IRQHandler
 .text.TIM4_IRQHandler
                0x00000000080030c8       0x14 Core/Src/stm32f1xx_it.o
                0x00000000080030c8                TIM4_IRQHandler
 .text.USART1_IRQHandler
                0x00000000080030dc       0x18 Core/Src/stm32f1xx_it.o
                0x00000000080030dc                USART1_IRQHandler
 .text.USART3_IRQHandler
                0x00000000080030f4       0x18 Core/Src/stm32f1xx_it.o
                0x00000000080030f4                USART3_IRQHandler
 .text.EXTI15_10_IRQHandler
                0x000000000800310c       0x18 Core/Src/stm32f1xx_it.o
                0x000000000800310c                EXTI15_10_IRQHandler
 .text.TIM8_UP_IRQHandler
                0x0000000008003124       0x14 Core/Src/stm32f1xx_it.o
                0x0000000008003124                TIM8_UP_IRQHandler
 .text.ADC3_IRQHandler
                0x0000000008003138       0x14 Core/Src/stm32f1xx_it.o
                0x0000000008003138                ADC3_IRQHandler
 .text.TIM6_IRQHandler
                0x000000000800314c       0x14 Core/Src/stm32f1xx_it.o
                0x000000000800314c                TIM6_IRQHandler
 .text.SystemInit
                0x0000000008003160       0x68 Core/Src/system_stm32f1xx.o
                0x0000000008003160                SystemInit
 .text.MX_TIM1_Init
                0x00000000080031c8      0x140 Core/Src/tim.o
                0x00000000080031c8                MX_TIM1_Init
 .text.MX_TIM2_Init
                0x0000000008003308       0xb4 Core/Src/tim.o
                0x0000000008003308                MX_TIM2_Init
 .text.MX_TIM3_Init
                0x00000000080033bc       0xa8 Core/Src/tim.o
                0x00000000080033bc                MX_TIM3_Init
 .text.MX_TIM4_Init
                0x0000000008003464       0x9c Core/Src/tim.o
                0x0000000008003464                MX_TIM4_Init
 .text.MX_TIM5_Init
                0x0000000008003500       0xa8 Core/Src/tim.o
                0x0000000008003500                MX_TIM5_Init
 .text.MX_TIM8_Init
                0x00000000080035a8      0x108 Core/Src/tim.o
                0x00000000080035a8                MX_TIM8_Init
 .text.HAL_TIM_PWM_MspInit
                0x00000000080036b0       0x9c Core/Src/tim.o
                0x00000000080036b0                HAL_TIM_PWM_MspInit
 .text.HAL_TIM_Encoder_MspInit
                0x000000000800374c      0x100 Core/Src/tim.o
                0x000000000800374c                HAL_TIM_Encoder_MspInit
 .text.HAL_TIM_Base_MspInit
                0x000000000800384c       0x50 Core/Src/tim.o
                0x000000000800384c                HAL_TIM_Base_MspInit
 .text.HAL_TIM_MspPostInit
                0x000000000800389c      0x154 Core/Src/tim.o
                0x000000000800389c                HAL_TIM_MspPostInit
 .text.MX_UART4_Init
                0x00000000080039f0       0x54 Core/Src/usart.o
                0x00000000080039f0                MX_UART4_Init
 .text.MX_USART1_UART_Init
                0x0000000008003a44       0x54 Core/Src/usart.o
                0x0000000008003a44                MX_USART1_UART_Init
 .text.MX_USART3_UART_Init
                0x0000000008003a98       0x54 Core/Src/usart.o
                0x0000000008003a98                MX_USART3_UART_Init
 .text.HAL_UART_MspInit
                0x0000000008003aec      0x328 Core/Src/usart.o
                0x0000000008003aec                HAL_UART_MspInit
 .text.HAL_Init
                0x0000000008003e14       0x2c Drivers/STM32F1xx_HAL_Driver/Src/stm32f1xx_hal.o
                0x0000000008003e14                HAL_Init
 .text.HAL_IncTick
                0x0000000008003e40       0x24 Drivers/STM32F1xx_HAL_Driver/Src/stm32f1xx_hal.o
                0x0000000008003e40                HAL_IncTick
 .text.HAL_GetTick
                0x0000000008003e64       0x14 Drivers/STM32F1xx_HAL_Driver/Src/stm32f1xx_hal.o
                0x0000000008003e64                HAL_GetTick
 .text.HAL_ADC_Init
                0x0000000008003e78      0x1d4 Drivers/STM32F1xx_HAL_Driver/Src/stm32f1xx_hal_adc.o
                0x0000000008003e78                HAL_ADC_Init
 .text.HAL_ADC_Start
                0x000000000800404c      0x15c Drivers/STM32F1xx_HAL_Driver/Src/stm32f1xx_hal_adc.o
                0x000000000800404c                HAL_ADC_Start
 .text.HAL_ADC_Start_DMA
                0x00000000080041a8      0x1bc Drivers/STM32F1xx_HAL_Driver/Src/stm32f1xx_hal_adc.o
                0x00000000080041a8                HAL_ADC_Start_DMA
 .text.HAL_ADC_IRQHandler
                0x0000000008004364      0x186 Drivers/STM32F1xx_HAL_Driver/Src/stm32f1xx_hal_adc.o
                0x0000000008004364                HAL_ADC_IRQHandler
 .text.HAL_ADC_ConvCpltCallback
                0x00000000080044ea       0x12 Drivers/STM32F1xx_HAL_Driver/Src/stm32f1xx_hal_adc.o
                0x00000000080044ea                HAL_ADC_ConvCpltCallback
 .text.HAL_ADC_ConvHalfCpltCallback
                0x00000000080044fc       0x12 Drivers/STM32F1xx_HAL_Driver/Src/stm32f1xx_hal_adc.o
                0x00000000080044fc                HAL_ADC_ConvHalfCpltCallback
 .text.HAL_ADC_ErrorCallback
                0x000000000800450e       0x12 Drivers/STM32F1xx_HAL_Driver/Src/stm32f1xx_hal_adc.o
                0x000000000800450e                HAL_ADC_ErrorCallback
 .text.HAL_ADC_ConfigChannel
                0x0000000008004520      0x1f0 Drivers/STM32F1xx_HAL_Driver/Src/stm32f1xx_hal_adc.o
                0x0000000008004520                HAL_ADC_ConfigChannel
 .text.HAL_ADC_AnalogWDGConfig
                0x0000000008004710       0xac Drivers/STM32F1xx_HAL_Driver/Src/stm32f1xx_hal_adc.o
                0x0000000008004710                HAL_ADC_AnalogWDGConfig
 .text.ADC_Enable
                0x00000000080047bc       0xa4 Drivers/STM32F1xx_HAL_Driver/Src/stm32f1xx_hal_adc.o
                0x00000000080047bc                ADC_Enable
 .text.ADC_ConversionStop_Disable
                0x0000000008004860       0x74 Drivers/STM32F1xx_HAL_Driver/Src/stm32f1xx_hal_adc.o
                0x0000000008004860                ADC_ConversionStop_Disable
 .text.ADC_DMAConvCplt
                0x00000000080048d4       0x7c Drivers/STM32F1xx_HAL_Driver/Src/stm32f1xx_hal_adc.o
                0x00000000080048d4                ADC_DMAConvCplt
 .text.ADC_DMAHalfConvCplt
                0x0000000008004950       0x1c Drivers/STM32F1xx_HAL_Driver/Src/stm32f1xx_hal_adc.o
                0x0000000008004950                ADC_DMAHalfConvCplt
 .text.ADC_DMAError
                0x000000000800496c       0x34 Drivers/STM32F1xx_HAL_Driver/Src/stm32f1xx_hal_adc.o
                0x000000000800496c                ADC_DMAError
 .text.HAL_ADCEx_InjectedConvCpltCallback
                0x00000000080049a0       0x12 Drivers/STM32F1xx_HAL_Driver/Src/stm32f1xx_hal_adc_ex.o
                0x00000000080049a0                HAL_ADCEx_InjectedConvCpltCallback
 *fill*         0x00000000080049b2        0x2 
 .text.__NVIC_SetPriorityGrouping
                0x00000000080049b4       0x48 Drivers/STM32F1xx_HAL_Driver/Src/stm32f1xx_hal_cortex.o
 .text.__NVIC_GetPriorityGrouping
                0x00000000080049fc       0x1c Drivers/STM32F1xx_HAL_Driver/Src/stm32f1xx_hal_cortex.o
 .text.__NVIC_EnableIRQ
                0x0000000008004a18       0x38 Drivers/STM32F1xx_HAL_Driver/Src/stm32f1xx_hal_cortex.o
 .text.__NVIC_SetPriority
                0x0000000008004a50       0x54 Drivers/STM32F1xx_HAL_Driver/Src/stm32f1xx_hal_cortex.o
 .text.NVIC_EncodePriority
                0x0000000008004aa4       0x64 Drivers/STM32F1xx_HAL_Driver/Src/stm32f1xx_hal_cortex.o
 .text.HAL_NVIC_SetPriorityGrouping
                0x0000000008004b08       0x16 Drivers/STM32F1xx_HAL_Driver/Src/stm32f1xx_hal_cortex.o
                0x0000000008004b08                HAL_NVIC_SetPriorityGrouping
 .text.HAL_NVIC_SetPriority
                0x0000000008004b1e       0x38 Drivers/STM32F1xx_HAL_Driver/Src/stm32f1xx_hal_cortex.o
                0x0000000008004b1e                HAL_NVIC_SetPriority
 .text.HAL_NVIC_EnableIRQ
                0x0000000008004b56       0x1c Drivers/STM32F1xx_HAL_Driver/Src/stm32f1xx_hal_cortex.o
                0x0000000008004b56                HAL_NVIC_EnableIRQ
 *fill*         0x0000000008004b72        0x2 
 .text.HAL_DMA_Init
                0x0000000008004b74       0xec Drivers/STM32F1xx_HAL_Driver/Src/stm32f1xx_hal_dma.o
                0x0000000008004b74                HAL_DMA_Init
 .text.HAL_DMA_Start_IT
                0x0000000008004c60       0xbe Drivers/STM32F1xx_HAL_Driver/Src/stm32f1xx_hal_dma.o
                0x0000000008004c60                HAL_DMA_Start_IT
 *fill*         0x0000000008004d1e        0x2 
 .text.HAL_DMA_Abort_IT
                0x0000000008004d20      0x210 Drivers/STM32F1xx_HAL_Driver/Src/stm32f1xx_hal_dma.o
                0x0000000008004d20                HAL_DMA_Abort_IT
 .text.HAL_DMA_IRQHandler
                0x0000000008004f30      0x478 Drivers/STM32F1xx_HAL_Driver/Src/stm32f1xx_hal_dma.o
                0x0000000008004f30                HAL_DMA_IRQHandler
 .text.DMA_SetConfig
                0x00000000080053a8       0x5a Drivers/STM32F1xx_HAL_Driver/Src/stm32f1xx_hal_dma.o
 *fill*         0x0000000008005402        0x2 
 .text.HAL_FLASH_Program
                0x0000000008005404       0xe0 Drivers/STM32F1xx_HAL_Driver/Src/stm32f1xx_hal_flash.o
                0x0000000008005404                HAL_FLASH_Program
 .text.HAL_FLASH_Unlock
                0x00000000080054e4       0x4c Drivers/STM32F1xx_HAL_Driver/Src/stm32f1xx_hal_flash.o
                0x00000000080054e4                HAL_FLASH_Unlock
 .text.HAL_FLASH_Lock
                0x0000000008005530       0x20 Drivers/STM32F1xx_HAL_Driver/Src/stm32f1xx_hal_flash.o
                0x0000000008005530                HAL_FLASH_Lock
 .text.FLASH_Program_HalfWord
                0x0000000008005550       0x38 Drivers/STM32F1xx_HAL_Driver/Src/stm32f1xx_hal_flash.o
 .text.FLASH_WaitForLastOperation
                0x0000000008005588       0x8c Drivers/STM32F1xx_HAL_Driver/Src/stm32f1xx_hal_flash.o
                0x0000000008005588                FLASH_WaitForLastOperation
 .text.FLASH_SetErrorCode
                0x0000000008005614       0xa0 Drivers/STM32F1xx_HAL_Driver/Src/stm32f1xx_hal_flash.o
 .text.FLASH_PageErase
                0x00000000080056b4       0x40 Drivers/STM32F1xx_HAL_Driver/Src/stm32f1xx_hal_flash_ex.o
                0x00000000080056b4                FLASH_PageErase
 .text.HAL_GPIO_Init
                0x00000000080056f4      0x2d4 Drivers/STM32F1xx_HAL_Driver/Src/stm32f1xx_hal_gpio.o
                0x00000000080056f4                HAL_GPIO_Init
 .text.HAL_GPIO_ReadPin
                0x00000000080059c8       0x2e Drivers/STM32F1xx_HAL_Driver/Src/stm32f1xx_hal_gpio.o
                0x00000000080059c8                HAL_GPIO_ReadPin
 .text.HAL_GPIO_WritePin
                0x00000000080059f6       0x30 Drivers/STM32F1xx_HAL_Driver/Src/stm32f1xx_hal_gpio.o
                0x00000000080059f6                HAL_GPIO_WritePin
 *fill*         0x0000000008005a26        0x2 
 .text.HAL_GPIO_EXTI_IRQHandler
                0x0000000008005a28       0x30 Drivers/STM32F1xx_HAL_Driver/Src/stm32f1xx_hal_gpio.o
                0x0000000008005a28                HAL_GPIO_EXTI_IRQHandler
 .text.HAL_RCC_OscConfig
                0x0000000008005a58      0x500 Drivers/STM32F1xx_HAL_Driver/Src/stm32f1xx_hal_rcc.o
                0x0000000008005a58                HAL_RCC_OscConfig
 .text.HAL_RCC_ClockConfig
                0x0000000008005f58      0x1d4 Drivers/STM32F1xx_HAL_Driver/Src/stm32f1xx_hal_rcc.o
                0x0000000008005f58                HAL_RCC_ClockConfig
 .text.HAL_RCC_GetSysClockFreq
                0x000000000800612c       0xc4 Drivers/STM32F1xx_HAL_Driver/Src/stm32f1xx_hal_rcc.o
                0x000000000800612c                HAL_RCC_GetSysClockFreq
 .text.HAL_RCC_GetHCLKFreq
                0x00000000080061f0       0x14 Drivers/STM32F1xx_HAL_Driver/Src/stm32f1xx_hal_rcc.o
                0x00000000080061f0                HAL_RCC_GetHCLKFreq
 .text.HAL_RCC_GetPCLK1Freq
                0x0000000008006204       0x28 Drivers/STM32F1xx_HAL_Driver/Src/stm32f1xx_hal_rcc.o
                0x0000000008006204                HAL_RCC_GetPCLK1Freq
 .text.HAL_RCC_GetPCLK2Freq
                0x000000000800622c       0x28 Drivers/STM32F1xx_HAL_Driver/Src/stm32f1xx_hal_rcc.o
                0x000000000800622c                HAL_RCC_GetPCLK2Freq
 .text.HAL_RCC_GetClockConfig
                0x0000000008006254       0x60 Drivers/STM32F1xx_HAL_Driver/Src/stm32f1xx_hal_rcc.o
                0x0000000008006254                HAL_RCC_GetClockConfig
 .text.RCC_Delay
                0x00000000080062b4       0x3c Drivers/STM32F1xx_HAL_Driver/Src/stm32f1xx_hal_rcc.o
 .text.HAL_RCCEx_PeriphCLKConfig
                0x00000000080062f0      0x16c Drivers/STM32F1xx_HAL_Driver/Src/stm32f1xx_hal_rcc_ex.o
                0x00000000080062f0                HAL_RCCEx_PeriphCLKConfig
 .text.HAL_TIM_Base_Init
                0x000000000800645c       0x56 Drivers/STM32F1xx_HAL_Driver/Src/stm32f1xx_hal_tim.o
                0x000000000800645c                HAL_TIM_Base_Init
 .text.HAL_TIM_Base_Start_IT
                0x00000000080064b2       0x46 Drivers/STM32F1xx_HAL_Driver/Src/stm32f1xx_hal_tim.o
                0x00000000080064b2                HAL_TIM_Base_Start_IT
 .text.HAL_TIM_PWM_Init
                0x00000000080064f8       0x56 Drivers/STM32F1xx_HAL_Driver/Src/stm32f1xx_hal_tim.o
                0x00000000080064f8                HAL_TIM_PWM_Init
 *fill*         0x000000000800654e        0x2 
 .text.HAL_TIM_PWM_Start
                0x0000000008006550       0x7c Drivers/STM32F1xx_HAL_Driver/Src/stm32f1xx_hal_tim.o
                0x0000000008006550                HAL_TIM_PWM_Start
 .text.HAL_TIM_PWM_Stop
                0x00000000080065cc       0xb0 Drivers/STM32F1xx_HAL_Driver/Src/stm32f1xx_hal_tim.o
                0x00000000080065cc                HAL_TIM_PWM_Stop
 .text.HAL_TIM_Encoder_Init
                0x000000000800667c      0x11c Drivers/STM32F1xx_HAL_Driver/Src/stm32f1xx_hal_tim.o
                0x000000000800667c                HAL_TIM_Encoder_Init
 .text.HAL_TIM_Encoder_Start
                0x0000000008006798       0x6e Drivers/STM32F1xx_HAL_Driver/Src/stm32f1xx_hal_tim.o
                0x0000000008006798                HAL_TIM_Encoder_Start
 .text.HAL_TIM_IRQHandler
                0x0000000008006806      0x210 Drivers/STM32F1xx_HAL_Driver/Src/stm32f1xx_hal_tim.o
                0x0000000008006806                HAL_TIM_IRQHandler
 *fill*         0x0000000008006a16        0x2 
 .text.HAL_TIM_PWM_ConfigChannel
                0x0000000008006a18      0x18c Drivers/STM32F1xx_HAL_Driver/Src/stm32f1xx_hal_tim.o
                0x0000000008006a18                HAL_TIM_PWM_ConfigChannel
 .text.HAL_TIM_SlaveConfigSynchro
                0x0000000008006ba4       0x84 Drivers/STM32F1xx_HAL_Driver/Src/stm32f1xx_hal_tim.o
                0x0000000008006ba4                HAL_TIM_SlaveConfigSynchro
 .text.HAL_TIM_OC_DelayElapsedCallback
                0x0000000008006c28       0x12 Drivers/STM32F1xx_HAL_Driver/Src/stm32f1xx_hal_tim.o
                0x0000000008006c28                HAL_TIM_OC_DelayElapsedCallback
 .text.HAL_TIM_IC_CaptureCallback
                0x0000000008006c3a       0x12 Drivers/STM32F1xx_HAL_Driver/Src/stm32f1xx_hal_tim.o
                0x0000000008006c3a                HAL_TIM_IC_CaptureCallback
 .text.HAL_TIM_PWM_PulseFinishedCallback
                0x0000000008006c4c       0x12 Drivers/STM32F1xx_HAL_Driver/Src/stm32f1xx_hal_tim.o
                0x0000000008006c4c                HAL_TIM_PWM_PulseFinishedCallback
 .text.HAL_TIM_TriggerCallback
                0x0000000008006c5e       0x12 Drivers/STM32F1xx_HAL_Driver/Src/stm32f1xx_hal_tim.o
                0x0000000008006c5e                HAL_TIM_TriggerCallback
 .text.TIM_Base_SetConfig
                0x0000000008006c70       0xf4 Drivers/STM32F1xx_HAL_Driver/Src/stm32f1xx_hal_tim.o
                0x0000000008006c70                TIM_Base_SetConfig
 .text.TIM_OC1_SetConfig
                0x0000000008006d64       0xe0 Drivers/STM32F1xx_HAL_Driver/Src/stm32f1xx_hal_tim.o
 .text.TIM_OC2_SetConfig
                0x0000000008006e44       0xe8 Drivers/STM32F1xx_HAL_Driver/Src/stm32f1xx_hal_tim.o
                0x0000000008006e44                TIM_OC2_SetConfig
 .text.TIM_OC3_SetConfig
                0x0000000008006f2c       0xe8 Drivers/STM32F1xx_HAL_Driver/Src/stm32f1xx_hal_tim.o
 .text.TIM_OC4_SetConfig
                0x0000000008007014       0xa8 Drivers/STM32F1xx_HAL_Driver/Src/stm32f1xx_hal_tim.o
 .text.TIM_SlaveTimer_SetConfig
                0x00000000080070bc      0x10c Drivers/STM32F1xx_HAL_Driver/Src/stm32f1xx_hal_tim.o
 .text.TIM_TI1_ConfigInputStage
                0x00000000080071c8       0x5c Drivers/STM32F1xx_HAL_Driver/Src/stm32f1xx_hal_tim.o
 .text.TIM_TI2_ConfigInputStage
                0x0000000008007224       0x5e Drivers/STM32F1xx_HAL_Driver/Src/stm32f1xx_hal_tim.o
 .text.TIM_ETR_SetConfig
                0x0000000008007282       0x3e Drivers/STM32F1xx_HAL_Driver/Src/stm32f1xx_hal_tim.o
                0x0000000008007282                TIM_ETR_SetConfig
 .text.TIM_CCxChannelCmd
                0x00000000080072c0       0x48 Drivers/STM32F1xx_HAL_Driver/Src/stm32f1xx_hal_tim.o
                0x00000000080072c0                TIM_CCxChannelCmd
 .text.HAL_TIMEx_PWMN_Start
                0x0000000008007308       0x54 Drivers/STM32F1xx_HAL_Driver/Src/stm32f1xx_hal_tim_ex.o
                0x0000000008007308                HAL_TIMEx_PWMN_Start
 .text.HAL_TIMEx_MasterConfigSynchronization
                0x000000000800735c       0x88 Drivers/STM32F1xx_HAL_Driver/Src/stm32f1xx_hal_tim_ex.o
                0x000000000800735c                HAL_TIMEx_MasterConfigSynchronization
 .text.HAL_TIMEx_ConfigBreakDeadTime
                0x00000000080073e4       0xa2 Drivers/STM32F1xx_HAL_Driver/Src/stm32f1xx_hal_tim_ex.o
                0x00000000080073e4                HAL_TIMEx_ConfigBreakDeadTime
 .text.HAL_TIMEx_CommutCallback
                0x0000000008007486       0x12 Drivers/STM32F1xx_HAL_Driver/Src/stm32f1xx_hal_tim_ex.o
                0x0000000008007486                HAL_TIMEx_CommutCallback
 .text.HAL_TIMEx_BreakCallback
                0x0000000008007498       0x12 Drivers/STM32F1xx_HAL_Driver/Src/stm32f1xx_hal_tim_ex.o
                0x0000000008007498                HAL_TIMEx_BreakCallback
 .text.TIM_CCxNChannelCmd
                0x00000000080074aa       0x48 Drivers/STM32F1xx_HAL_Driver/Src/stm32f1xx_hal_tim_ex.o
 .text.HAL_UART_Init
                0x00000000080074f2       0x9a Drivers/STM32F1xx_HAL_Driver/Src/stm32f1xx_hal_uart.o
                0x00000000080074f2                HAL_UART_Init
 .text.HAL_UART_Transmit
                0x000000000800758c      0x132 Drivers/STM32F1xx_HAL_Driver/Src/stm32f1xx_hal_uart.o
                0x000000000800758c                HAL_UART_Transmit
 *fill*         0x00000000080076be        0x2 
 .text.HAL_UART_Transmit_DMA
                0x00000000080076c0       0xd8 Drivers/STM32F1xx_HAL_Driver/Src/stm32f1xx_hal_uart.o
                0x00000000080076c0                HAL_UART_Transmit_DMA
 .text.HAL_UART_Receive_DMA
                0x0000000008007798      0x100 Drivers/STM32F1xx_HAL_Driver/Src/stm32f1xx_hal_uart.o
                0x0000000008007798                HAL_UART_Receive_DMA
 .text.HAL_UART_IRQHandler
                0x0000000008007898      0x1f8 Drivers/STM32F1xx_HAL_Driver/Src/stm32f1xx_hal_uart.o
                0x0000000008007898                HAL_UART_IRQHandler
 .text.HAL_UART_TxHalfCpltCallback
                0x0000000008007a90       0x12 Drivers/STM32F1xx_HAL_Driver/Src/stm32f1xx_hal_uart.o
                0x0000000008007a90                HAL_UART_TxHalfCpltCallback
 .text.HAL_UART_RxHalfCpltCallback
                0x0000000008007aa2       0x12 Drivers/STM32F1xx_HAL_Driver/Src/stm32f1xx_hal_uart.o
                0x0000000008007aa2                HAL_UART_RxHalfCpltCallback
 .text.HAL_UART_ErrorCallback
                0x0000000008007ab4       0x12 Drivers/STM32F1xx_HAL_Driver/Src/stm32f1xx_hal_uart.o
                0x0000000008007ab4                HAL_UART_ErrorCallback
 .text.UART_DMATransmitCplt
                0x0000000008007ac6       0x52 Drivers/STM32F1xx_HAL_Driver/Src/stm32f1xx_hal_uart.o
 .text.UART_DMATxHalfCplt
                0x0000000008007b18       0x1c Drivers/STM32F1xx_HAL_Driver/Src/stm32f1xx_hal_uart.o
 .text.UART_DMAReceiveCplt
                0x0000000008007b34       0x68 Drivers/STM32F1xx_HAL_Driver/Src/stm32f1xx_hal_uart.o
 .text.UART_DMARxHalfCplt
                0x0000000008007b9c       0x1c Drivers/STM32F1xx_HAL_Driver/Src/stm32f1xx_hal_uart.o
 .text.UART_DMAError
                0x0000000008007bb8       0x94 Drivers/STM32F1xx_HAL_Driver/Src/stm32f1xx_hal_uart.o
 .text.UART_WaitOnFlagUntilTimeout
                0x0000000008007c4c       0x94 Drivers/STM32F1xx_HAL_Driver/Src/stm32f1xx_hal_uart.o
 .text.UART_EndTxTransfer
                0x0000000008007ce0       0x2a Drivers/STM32F1xx_HAL_Driver/Src/stm32f1xx_hal_uart.o
 .text.UART_EndRxTransfer
                0x0000000008007d0a       0x3a Drivers/STM32F1xx_HAL_Driver/Src/stm32f1xx_hal_uart.o
 .text.UART_DMAAbortOnError
                0x0000000008007d44       0x28 Drivers/STM32F1xx_HAL_Driver/Src/stm32f1xx_hal_uart.o
 .text.UART_Transmit_IT
                0x0000000008007d6c       0xaa Drivers/STM32F1xx_HAL_Driver/Src/stm32f1xx_hal_uart.o
 .text.UART_EndTransmit_IT
                0x0000000008007e16       0x30 Drivers/STM32F1xx_HAL_Driver/Src/stm32f1xx_hal_uart.o
 .text.UART_Receive_IT
                0x0000000008007e46      0x102 Drivers/STM32F1xx_HAL_Driver/Src/stm32f1xx_hal_uart.o
 .text.UART_SetConfig
                0x0000000008007f48      0x1b4 Drivers/STM32F1xx_HAL_Driver/Src/stm32f1xx_hal_uart.o
 .text.makeFreeRtosPriority
                0x00000000080080fc       0x2e Middlewares/Third_Party/FreeRTOS/Source/CMSIS_RTOS/cmsis_os.o
 .text.inHandlerMode
                0x000000000800812a       0x22 Middlewares/Third_Party/FreeRTOS/Source/CMSIS_RTOS/cmsis_os.o
 .text.osKernelStart
                0x000000000800814c        0xe Middlewares/Third_Party/FreeRTOS/Source/CMSIS_RTOS/cmsis_os.o
                0x000000000800814c                osKernelStart
 .text.osKernelSysTick
                0x000000000800815a       0x20 Middlewares/Third_Party/FreeRTOS/Source/CMSIS_RTOS/cmsis_os.o
                0x000000000800815a                osKernelSysTick
 .text.osThreadCreate
                0x000000000800817a       0x4e Middlewares/Third_Party/FreeRTOS/Source/CMSIS_RTOS/cmsis_os.o
                0x000000000800817a                osThreadCreate
 .text.osDelay  0x00000000080081c8       0x28 Middlewares/Third_Party/FreeRTOS/Source/CMSIS_RTOS/cmsis_os.o
                0x00000000080081c8                osDelay
 .text.osTimerCreate
                0x00000000080081f0       0x38 Middlewares/Third_Party/FreeRTOS/Source/CMSIS_RTOS/cmsis_os.o
                0x00000000080081f0                osTimerCreate
 .text.osTimerStart
                0x0000000008008228       0x8c Middlewares/Third_Party/FreeRTOS/Source/CMSIS_RTOS/cmsis_os.o
                0x0000000008008228                osTimerStart
 .text.osSignalSet
                0x00000000080082b4       0x80 Middlewares/Third_Party/FreeRTOS/Source/CMSIS_RTOS/cmsis_os.o
                0x00000000080082b4                osSignalSet
 .text.osSignalWait
                0x0000000008008334       0x98 Middlewares/Third_Party/FreeRTOS/Source/CMSIS_RTOS/cmsis_os.o
                0x0000000008008334                osSignalWait
 .text.osMutexCreate
                0x00000000080083cc       0x18 Middlewares/Third_Party/FreeRTOS/Source/CMSIS_RTOS/cmsis_os.o
                0x00000000080083cc                osMutexCreate
 .text.osMutexWait
                0x00000000080083e4       0x9c Middlewares/Third_Party/FreeRTOS/Source/CMSIS_RTOS/cmsis_os.o
                0x00000000080083e4                osMutexWait
 .text.osMutexRelease
                0x0000000008008480       0x6c Middlewares/Third_Party/FreeRTOS/Source/CMSIS_RTOS/cmsis_os.o
                0x0000000008008480                osMutexRelease
 .text.osThreadSuspend
                0x00000000080084ec       0x18 Middlewares/Third_Party/FreeRTOS/Source/CMSIS_RTOS/cmsis_os.o
                0x00000000080084ec                osThreadSuspend
 .text.osThreadResume
                0x0000000008008504       0x44 Middlewares/Third_Party/FreeRTOS/Source/CMSIS_RTOS/cmsis_os.o
                0x0000000008008504                osThreadResume
 .text.osDelayUntil
                0x0000000008008548       0x2c Middlewares/Third_Party/FreeRTOS/Source/CMSIS_RTOS/cmsis_os.o
                0x0000000008008548                osDelayUntil
 .text.vListInitialise
                0x0000000008008574       0x3e Middlewares/Third_Party/FreeRTOS/Source/list.o
                0x0000000008008574                vListInitialise
 .text.vListInitialiseItem
                0x00000000080085b2       0x18 Middlewares/Third_Party/FreeRTOS/Source/list.o
                0x00000000080085b2                vListInitialiseItem
 .text.vListInsertEnd
                0x00000000080085ca       0x46 Middlewares/Third_Party/FreeRTOS/Source/list.o
                0x00000000080085ca                vListInsertEnd
 .text.vListInsert
                0x0000000008008610       0x70 Middlewares/Third_Party/FreeRTOS/Source/list.o
                0x0000000008008610                vListInsert
 .text.uxListRemove
                0x0000000008008680       0x52 Middlewares/Third_Party/FreeRTOS/Source/list.o
                0x0000000008008680                uxListRemove
 *fill*         0x00000000080086d2        0x2 
 .text.xQueueGenericReset
                0x00000000080086d4       0xd0 Middlewares/Third_Party/FreeRTOS/Source/queue.o
                0x00000000080086d4                xQueueGenericReset
 .text.xQueueGenericCreate
                0x00000000080087a4       0x72 Middlewares/Third_Party/FreeRTOS/Source/queue.o
                0x00000000080087a4                xQueueGenericCreate
 .text.prvInitialiseNewQueue
                0x0000000008008816       0x3e Middlewares/Third_Party/FreeRTOS/Source/queue.o
 .text.prvInitialiseMutex
                0x0000000008008854       0x34 Middlewares/Third_Party/FreeRTOS/Source/queue.o
 .text.xQueueCreateMutex
                0x0000000008008888       0x30 Middlewares/Third_Party/FreeRTOS/Source/queue.o
                0x0000000008008888                xQueueCreateMutex
 .text.xQueueGenericSend
                0x00000000080088b8      0x1f4 Middlewares/Third_Party/FreeRTOS/Source/queue.o
                0x00000000080088b8                xQueueGenericSend
 .text.xQueueGenericSendFromISR
                0x0000000008008aac      0x128 Middlewares/Third_Party/FreeRTOS/Source/queue.o
                0x0000000008008aac                xQueueGenericSendFromISR
 .text.xQueueGiveFromISR
                0x0000000008008bd4      0x112 Middlewares/Third_Party/FreeRTOS/Source/queue.o
                0x0000000008008bd4                xQueueGiveFromISR
 *fill*         0x0000000008008ce6        0x2 
 .text.xQueueReceive
                0x0000000008008ce8      0x1b8 Middlewares/Third_Party/FreeRTOS/Source/queue.o
                0x0000000008008ce8                xQueueReceive
 .text.xQueueSemaphoreTake
                0x0000000008008ea0      0x210 Middlewares/Third_Party/FreeRTOS/Source/queue.o
                0x0000000008008ea0                xQueueSemaphoreTake
 .text.xQueueReceiveFromISR
                0x00000000080090b0       0xfa Middlewares/Third_Party/FreeRTOS/Source/queue.o
                0x00000000080090b0                xQueueReceiveFromISR
 .text.prvGetDisinheritPriorityAfterTimeout
                0x00000000080091aa       0x2e Middlewares/Third_Party/FreeRTOS/Source/queue.o
 .text.prvCopyDataToQueue
                0x00000000080091d8       0xd4 Middlewares/Third_Party/FreeRTOS/Source/queue.o
 .text.prvCopyDataFromQueue
                0x00000000080092ac       0x4c Middlewares/Third_Party/FreeRTOS/Source/queue.o
 .text.prvUnlockQueue
                0x00000000080092f8       0xa4 Middlewares/Third_Party/FreeRTOS/Source/queue.o
 .text.prvIsQueueEmpty
                0x000000000800939c       0x2c Middlewares/Third_Party/FreeRTOS/Source/queue.o
 .text.prvIsQueueFull
                0x00000000080093c8       0x30 Middlewares/Third_Party/FreeRTOS/Source/queue.o
 .text.vQueueAddToRegistry
                0x00000000080093f8       0x50 Middlewares/Third_Party/FreeRTOS/Source/queue.o
                0x00000000080093f8                vQueueAddToRegistry
 .text.vQueueWaitForMessageRestricted
                0x0000000008009448       0x68 Middlewares/Third_Party/FreeRTOS/Source/queue.o
                0x0000000008009448                vQueueWaitForMessageRestricted
 .text.xTaskCreate
                0x00000000080094b0       0x82 Middlewares/Third_Party/FreeRTOS/Source/tasks.o
                0x00000000080094b0                xTaskCreate
 .text.prvInitialiseNewTask
                0x0000000008009532       0xfc Middlewares/Third_Party/FreeRTOS/Source/tasks.o
 *fill*         0x000000000800962e        0x2 
 .text.prvAddNewTaskToReadyList
                0x0000000008009630       0xd4 Middlewares/Third_Party/FreeRTOS/Source/tasks.o
 .text.vTaskDelayUntil
                0x0000000008009704       0xf4 Middlewares/Third_Party/FreeRTOS/Source/tasks.o
                0x0000000008009704                vTaskDelayUntil
 .text.vTaskDelay
                0x00000000080097f8       0x68 Middlewares/Third_Party/FreeRTOS/Source/tasks.o
                0x00000000080097f8                vTaskDelay
 .text.vTaskSuspend
                0x0000000008009860      0x124 Middlewares/Third_Party/FreeRTOS/Source/tasks.o
                0x0000000008009860                vTaskSuspend
 .text.prvTaskIsTaskSuspended
                0x0000000008009984       0x74 Middlewares/Third_Party/FreeRTOS/Source/tasks.o
 .text.vTaskResume
                0x00000000080099f8       0xb8 Middlewares/Third_Party/FreeRTOS/Source/tasks.o
                0x00000000080099f8                vTaskResume
 .text.xTaskResumeFromISR
                0x0000000008009ab0       0xe0 Middlewares/Third_Party/FreeRTOS/Source/tasks.o
                0x0000000008009ab0                xTaskResumeFromISR
 .text.vTaskStartScheduler
                0x0000000008009b90       0x98 Middlewares/Third_Party/FreeRTOS/Source/tasks.o
                0x0000000008009b90                vTaskStartScheduler
 .text.vTaskSuspendAll
                0x0000000008009c28       0x1c Middlewares/Third_Party/FreeRTOS/Source/tasks.o
                0x0000000008009c28                vTaskSuspendAll
 .text.xTaskResumeAll
                0x0000000008009c44      0x138 Middlewares/Third_Party/FreeRTOS/Source/tasks.o
                0x0000000008009c44                xTaskResumeAll
 .text.xTaskGetTickCount
                0x0000000008009d7c       0x1c Middlewares/Third_Party/FreeRTOS/Source/tasks.o
                0x0000000008009d7c                xTaskGetTickCount
 .text.xTaskGetTickCountFromISR
                0x0000000008009d98       0x24 Middlewares/Third_Party/FreeRTOS/Source/tasks.o
                0x0000000008009d98                xTaskGetTickCountFromISR
 .text.xTaskIncrementTick
                0x0000000008009dbc      0x178 Middlewares/Third_Party/FreeRTOS/Source/tasks.o
                0x0000000008009dbc                xTaskIncrementTick
 .text.vTaskSwitchContext
                0x0000000008009f34       0xb4 Middlewares/Third_Party/FreeRTOS/Source/tasks.o
                0x0000000008009f34                vTaskSwitchContext
 .text.vTaskPlaceOnEventList
                0x0000000008009fe8       0x48 Middlewares/Third_Party/FreeRTOS/Source/tasks.o
                0x0000000008009fe8                vTaskPlaceOnEventList
 .text.vTaskPlaceOnEventListRestricted
                0x000000000800a030       0x54 Middlewares/Third_Party/FreeRTOS/Source/tasks.o
                0x000000000800a030                vTaskPlaceOnEventListRestricted
 .text.xTaskRemoveFromEventList
                0x000000000800a084       0xc4 Middlewares/Third_Party/FreeRTOS/Source/tasks.o
                0x000000000800a084                xTaskRemoveFromEventList
 .text.vTaskInternalSetTimeOutState
                0x000000000800a148       0x2c Middlewares/Third_Party/FreeRTOS/Source/tasks.o
                0x000000000800a148                vTaskInternalSetTimeOutState
 .text.xTaskCheckForTimeOut
                0x000000000800a174       0xc0 Middlewares/Third_Party/FreeRTOS/Source/tasks.o
                0x000000000800a174                xTaskCheckForTimeOut
 .text.vTaskMissedYield
                0x000000000800a234       0x18 Middlewares/Third_Party/FreeRTOS/Source/tasks.o
                0x000000000800a234                vTaskMissedYield
 .text.prvIdleTask
                0x000000000800a24c       0x30 Middlewares/Third_Party/FreeRTOS/Source/tasks.o
 .text.prvInitialiseTaskLists
                0x000000000800a27c       0x80 Middlewares/Third_Party/FreeRTOS/Source/tasks.o
 .text.prvCheckTasksWaitingTermination
                0x000000000800a2fc       0x58 Middlewares/Third_Party/FreeRTOS/Source/tasks.o
 .text.prvDeleteTCB
                0x000000000800a354       0x20 Middlewares/Third_Party/FreeRTOS/Source/tasks.o
 .text.prvResetNextTaskUnblockTime
                0x000000000800a374       0x48 Middlewares/Third_Party/FreeRTOS/Source/tasks.o
 .text.xTaskGetSchedulerState
                0x000000000800a3bc       0x3c Middlewares/Third_Party/FreeRTOS/Source/tasks.o
                0x000000000800a3bc                xTaskGetSchedulerState
 .text.xTaskPriorityInherit
                0x000000000800a3f8      0x10c Middlewares/Third_Party/FreeRTOS/Source/tasks.o
                0x000000000800a3f8                xTaskPriorityInherit
 .text.xTaskPriorityDisinherit
                0x000000000800a504      0x108 Middlewares/Third_Party/FreeRTOS/Source/tasks.o
                0x000000000800a504                xTaskPriorityDisinherit
 .text.vTaskPriorityDisinheritAfterTimeout
                0x000000000800a60c      0x13c Middlewares/Third_Party/FreeRTOS/Source/tasks.o
                0x000000000800a60c                vTaskPriorityDisinheritAfterTimeout
 .text.pvTaskIncrementMutexHeldCount
                0x000000000800a748       0x28 Middlewares/Third_Party/FreeRTOS/Source/tasks.o
                0x000000000800a748                pvTaskIncrementMutexHeldCount
 .text.xTaskNotifyWait
                0x000000000800a770       0xb4 Middlewares/Third_Party/FreeRTOS/Source/tasks.o
                0x000000000800a770                xTaskNotifyWait
 .text.xTaskGenericNotify
                0x000000000800a824      0x140 Middlewares/Third_Party/FreeRTOS/Source/tasks.o
                0x000000000800a824                xTaskGenericNotify
 .text.xTaskGenericNotifyFromISR
                0x000000000800a964      0x18c Middlewares/Third_Party/FreeRTOS/Source/tasks.o
                0x000000000800a964                xTaskGenericNotifyFromISR
 .text.prvAddCurrentTaskToDelayedList
                0x000000000800aaf0       0xcc Middlewares/Third_Party/FreeRTOS/Source/tasks.o
 .text.xTimerCreateTimerTask
                0x000000000800abbc       0x64 Middlewares/Third_Party/FreeRTOS/Source/timers.o
                0x000000000800abbc                xTimerCreateTimerTask
 .text.xTimerCreate
                0x000000000800ac20       0x3a Middlewares/Third_Party/FreeRTOS/Source/timers.o
                0x000000000800ac20                xTimerCreate
 .text.prvInitialiseNewTimer
                0x000000000800ac5a       0x62 Middlewares/Third_Party/FreeRTOS/Source/timers.o
 .text.xTimerGenericCommand
                0x000000000800acbc       0x98 Middlewares/Third_Party/FreeRTOS/Source/timers.o
                0x000000000800acbc                xTimerGenericCommand
 .text.prvProcessExpiredTimer
                0x000000000800ad54       0x80 Middlewares/Third_Party/FreeRTOS/Source/timers.o
 .text.prvTimerTask
                0x000000000800add4       0x24 Middlewares/Third_Party/FreeRTOS/Source/timers.o
 .text.prvProcessTimerOrBlockTask
                0x000000000800adf8       0x9c Middlewares/Third_Party/FreeRTOS/Source/timers.o
 .text.prvGetNextExpireTime
                0x000000000800ae94       0x48 Middlewares/Third_Party/FreeRTOS/Source/timers.o
 .text.prvSampleTimeNow
                0x000000000800aedc       0x40 Middlewares/Third_Party/FreeRTOS/Source/timers.o
 .text.prvInsertTimerInActiveList
                0x000000000800af1c       0x84 Middlewares/Third_Party/FreeRTOS/Source/timers.o
 .text.prvProcessReceivedCommands
                0x000000000800afa0      0x124 Middlewares/Third_Party/FreeRTOS/Source/timers.o
 .text.prvSwitchTimerLists
                0x000000000800b0c4       0xc0 Middlewares/Third_Party/FreeRTOS/Source/timers.o
 .text.prvCheckForValidListAndQueue
                0x000000000800b184       0x6c Middlewares/Third_Party/FreeRTOS/Source/timers.o
 .text.pxPortInitialiseStack
                0x000000000800b1f0       0x58 Middlewares/Third_Party/FreeRTOS/Source/portable/GCC/ARM_CM3/port.o
                0x000000000800b1f0                pxPortInitialiseStack
 .text.prvTaskExitError
                0x000000000800b248       0x50 Middlewares/Third_Party/FreeRTOS/Source/portable/GCC/ARM_CM3/port.o
 *fill*         0x000000000800b298        0x8 
 .text.SVC_Handler
                0x000000000800b2a0       0x28 Middlewares/Third_Party/FreeRTOS/Source/portable/GCC/ARM_CM3/port.o
                0x000000000800b2a0                SVC_Handler
 .text.prvPortStartFirstTask
                0x000000000800b2c8       0x20 Middlewares/Third_Party/FreeRTOS/Source/portable/GCC/ARM_CM3/port.o
 .text.xPortStartScheduler
                0x000000000800b2e8       0xe0 Middlewares/Third_Party/FreeRTOS/Source/portable/GCC/ARM_CM3/port.o
                0x000000000800b2e8                xPortStartScheduler
 .text.vPortEnterCritical
                0x000000000800b3c8       0x5c Middlewares/Third_Party/FreeRTOS/Source/portable/GCC/ARM_CM3/port.o
                0x000000000800b3c8                vPortEnterCritical
 .text.vPortExitCritical
                0x000000000800b424       0x4c Middlewares/Third_Party/FreeRTOS/Source/portable/GCC/ARM_CM3/port.o
                0x000000000800b424                vPortExitCritical
 .text.PendSV_Handler
                0x000000000800b470       0x48 Middlewares/Third_Party/FreeRTOS/Source/portable/GCC/ARM_CM3/port.o
                0x000000000800b470                PendSV_Handler
 .text.SysTick_Handler
                0x000000000800b4b8       0x40 Middlewares/Third_Party/FreeRTOS/Source/portable/GCC/ARM_CM3/port.o
                0x000000000800b4b8                SysTick_Handler
 .text.vPortSetupTimerInterrupt
                0x000000000800b4f8       0x44 Middlewares/Third_Party/FreeRTOS/Source/portable/GCC/ARM_CM3/port.o
                0x000000000800b4f8                vPortSetupTimerInterrupt
 .text.vPortValidateInterruptPriority
                0x000000000800b53c       0x78 Middlewares/Third_Party/FreeRTOS/Source/portable/GCC/ARM_CM3/port.o
                0x000000000800b53c                vPortValidateInterruptPriority
 .text.pvPortMalloc
                0x000000000800b5b4      0x184 Middlewares/Third_Party/FreeRTOS/Source/portable/MemMang/heap_4.o
                0x000000000800b5b4                pvPortMalloc
 .text.vPortFree
                0x000000000800b738       0xb0 Middlewares/Third_Party/FreeRTOS/Source/portable/MemMang/heap_4.o
                0x000000000800b738                vPortFree
 .text.prvHeapInit
                0x000000000800b7e8       0xc4 Middlewares/Third_Party/FreeRTOS/Source/portable/MemMang/heap_4.o
 .text.prvInsertBlockIntoFreeList
                0x000000000800b8ac       0xb0 Middlewares/Third_Party/FreeRTOS/Source/portable/MemMang/heap_4.o
 .text.Reset_Handler
                0x000000000800b95c       0x48 Startup/startup_stm32f103vetx.o
                0x000000000800b95c                Reset_Handler
 .text.Default_Handler
                0x000000000800b9a4        0x2 Startup/startup_stm32f103vetx.o
                0x000000000800b9a4                RTC_Alarm_IRQHandler
                0x000000000800b9a4                EXTI2_IRQHandler
                0x000000000800b9a4                TIM8_TRG_COM_IRQHandler
                0x000000000800b9a4                TIM8_CC_IRQHandler
                0x000000000800b9a4                TIM1_CC_IRQHandler
                0x000000000800b9a4                PVD_IRQHandler
                0x000000000800b9a4                SDIO_IRQHandler
                0x000000000800b9a4                EXTI3_IRQHandler
                0x000000000800b9a4                EXTI0_IRQHandler
                0x000000000800b9a4                I2C2_EV_IRQHandler
                0x000000000800b9a4                SPI1_IRQHandler
                0x000000000800b9a4                TAMPER_IRQHandler
                0x000000000800b9a4                DMA2_Channel2_IRQHandler
                0x000000000800b9a4                RTC_IRQHandler
                0x000000000800b9a4                DMA1_Channel7_IRQHandler
                0x000000000800b9a4                CAN1_RX1_IRQHandler
                0x000000000800b9a4                UART5_IRQHandler
                0x000000000800b9a4                DMA2_Channel1_IRQHandler
                0x000000000800b9a4                I2C1_EV_IRQHandler
                0x000000000800b9a4                DMA1_Channel6_IRQHandler
                0x000000000800b9a4                UART4_IRQHandler
                0x000000000800b9a4                TIM3_IRQHandler
                0x000000000800b9a4                RCC_IRQHandler
                0x000000000800b9a4                TIM1_TRG_COM_IRQHandler
                0x000000000800b9a4                Default_Handler
                0x000000000800b9a4                TIM7_IRQHandler
                0x000000000800b9a4                TIM5_IRQHandler
                0x000000000800b9a4                EXTI9_5_IRQHandler
                0x000000000800b9a4                SPI2_IRQHandler
                0x000000000800b9a4                EXTI4_IRQHandler
                0x000000000800b9a4                USB_LP_CAN1_RX0_IRQHandler
                0x000000000800b9a4                USB_HP_CAN1_TX_IRQHandler
                0x000000000800b9a4                FSMC_IRQHandler
                0x000000000800b9a4                TIM1_UP_IRQHandler
                0x000000000800b9a4                WWDG_IRQHandler
                0x000000000800b9a4                TIM2_IRQHandler
                0x000000000800b9a4                TIM1_BRK_IRQHandler
                0x000000000800b9a4                EXTI1_IRQHandler
                0x000000000800b9a4                DMA2_Channel4_5_IRQHandler
                0x000000000800b9a4                USART2_IRQHandler
                0x000000000800b9a4                I2C2_ER_IRQHandler
                0x000000000800b9a4                TIM8_BRK_IRQHandler
                0x000000000800b9a4                CAN1_SCE_IRQHandler
                0x000000000800b9a4                FLASH_IRQHandler
                0x000000000800b9a4                SPI3_IRQHandler
                0x000000000800b9a4                I2C1_ER_IRQHandler
                0x000000000800b9a4                USBWakeUp_IRQHandler
                0x000000000800b9a4                DMA2_Channel3_IRQHandler
 *fill*         0x000000000800b9a6        0x2 
 .text.adc1_manage_init
                0x000000000800b9a8       0x1c bsp/Src/drv_adc.o
                0x000000000800b9a8                adc1_manage_init
 .text.adc2_manage_init
                0x000000000800b9c4       0x14 bsp/Src/drv_adc.o
                0x000000000800b9c4                adc2_manage_init
 .text.adc3_manage_init
                0x000000000800b9d8       0x14 bsp/Src/drv_adc.o
                0x000000000800b9d8                adc3_manage_init
 .text.right_motor_awd_trigger_callback_register
                0x000000000800b9ec       0x1c bsp/Src/drv_adc.o
                0x000000000800b9ec                right_motor_awd_trigger_callback_register
 .text.left_motor_awd_trigger_callback_register
                0x000000000800ba08       0x1c bsp/Src/drv_adc.o
                0x000000000800ba08                left_motor_awd_trigger_callback_register
 .text.HAL_ADC_LevelOutOfWindowCallback
                0x000000000800ba24       0x70 bsp/Src/drv_adc.o
                0x000000000800ba24                HAL_ADC_LevelOutOfWindowCallback
 .text.read_word_from_flash
                0x000000000800ba94       0x22 bsp/Src/drv_flash.o
                0x000000000800ba94                read_word_from_flash
 *fill*         0x000000000800bab6        0x2 
 .text.easer_flash
                0x000000000800bab8       0x38 bsp/Src/drv_flash.o
                0x000000000800bab8                easer_flash
 .text.find_new_entry
                0x000000000800baf0       0x70 bsp/Src/drv_flash.o
                0x000000000800baf0                find_new_entry
 .text.find_used_entry
                0x000000000800bb60       0x4c bsp/Src/drv_flash.o
                0x000000000800bb60                find_used_entry
 .text.write_word_to_flash
                0x000000000800bbac       0x68 bsp/Src/drv_flash.o
                0x000000000800bbac                write_word_to_flash
 .text.usart_rx_callback_register
                0x000000000800bc14       0x1a bsp/Src/drv_uart.o
                0x000000000800bc14                usart_rx_callback_register
 *fill*         0x000000000800bc2e        0x2 
 .text.usart1_rx_callback_register
                0x000000000800bc30       0x1c bsp/Src/drv_uart.o
                0x000000000800bc30                usart1_rx_callback_register
 .text.usart3_rx_callback_register
                0x000000000800bc4c       0x1c bsp/Src/drv_uart.o
                0x000000000800bc4c                usart3_rx_callback_register
 .text.HAL_UART_RxCpltCallback
                0x000000000800bc68       0x44 bsp/Src/drv_uart.o
                0x000000000800bc68                HAL_UART_RxCpltCallback
 .text.HAL_UART_TxCpltCallback
                0x000000000800bcac       0x40 bsp/Src/drv_uart.o
                0x000000000800bcac                HAL_UART_TxCpltCallback
 .text.usart3_idle_callback
                0x000000000800bcec       0x44 bsp/Src/drv_uart.o
                0x000000000800bcec                usart3_idle_callback
 .text.usart1_idle_callback
                0x000000000800bd30       0x44 bsp/Src/drv_uart.o
                0x000000000800bd30                usart1_idle_callback
 .text.usart3_manage_init
                0x000000000800bd74       0x84 bsp/Src/drv_uart.o
                0x000000000800bd74                usart3_manage_init
 .text.usart1_manage_init
                0x000000000800bdf8       0x8c bsp/Src/drv_uart.o
                0x000000000800bdf8                usart1_manage_init
 .text.usart3_transmit
                0x000000000800be84       0x24 bsp/Src/drv_uart.o
                0x000000000800be84                usart3_transmit
 .text.usart1_transmit
                0x000000000800bea8       0x24 bsp/Src/drv_uart.o
                0x000000000800bea8                usart1_transmit
 .text.usart_transmit
                0x000000000800becc       0xcc bsp/Src/drv_uart.o
                0x000000000800becc                usart_transmit
 .text.usart_transmit_hook
                0x000000000800bf98       0x6e bsp/Src/drv_uart.o
 .text.usart_rec_to_buff
                0x000000000800c006       0x9a bsp/Src/drv_uart.o
 .text.abs_limit
                0x000000000800c0a0       0x4e components/algorithm/pid.o
                0x000000000800c0a0                abs_limit
 .text.pid_param_init
                0x000000000800c0ee       0x36 components/algorithm/pid.o
 .text.pid_reset
                0x000000000800c124       0x4a components/algorithm/pid.o
 .text.pid_calculate
                0x000000000800c16e      0x118 components/algorithm/pid.o
                0x000000000800c16e                pid_calculate
 *fill*         0x000000000800c286        0x2 
 .text.pid_struct_init
                0x000000000800c288       0x50 components/algorithm/pid.o
                0x000000000800c288                pid_struct_init
 .text.device_register
                0x000000000800c2d8       0x56 components/devices/device.o
                0x000000000800c2d8                device_register
 .text.device_find
                0x000000000800c32e       0x1c components/devices/device.o
                0x000000000800c32e                device_find
 *fill*         0x000000000800c34a        0x2 
 .text.m62429_init
                0x000000000800c34c       0x28 components/devices/m62429.o
                0x000000000800c34c                m62429_init
 .text.m62429_control
                0x000000000800c374      0x148 components/devices/m62429.o
                0x000000000800c374                m62429_control
 .text.motor_device_register
                0x000000000800c4bc       0x4a components/devices/motor.o
                0x000000000800c4bc                motor_device_register
 .text.motor_device_set_current
                0x000000000800c506       0x92 components/devices/motor.o
                0x000000000800c506                motor_device_set_current
 .text.motor_device_run
                0x000000000800c598       0x5c components/devices/motor.o
                0x000000000800c598                motor_device_run
 .text.motor_device_set_encoder
                0x000000000800c5f4       0x20 components/devices/motor.o
                0x000000000800c5f4                motor_device_set_encoder
 .text.setpper_device_register
                0x000000000800c614       0x4a components/devices/stepper_motor.o
                0x000000000800c614                setpper_device_register
 *fill*         0x000000000800c65e        0x2 
 .text.bracket_register
                0x000000000800c660      0x1dc components/modules/2d_bracket.o
                0x000000000800c660                bracket_register
 .text.bracket_find
                0x000000000800c83c       0x1c components/modules/2d_bracket.o
                0x000000000800c83c                bracket_find
 .text.stepper_run
                0x000000000800c858       0xe2 components/modules/2d_bracket.o
                0x000000000800c858                stepper_run
 *fill*         0x000000000800c93a        0x2 
 .text.update_stepper_positon
                0x000000000800c93c       0xb8 components/modules/2d_bracket.o
                0x000000000800c93c                update_stepper_positon
 .text.tim_rcr_uev_callback
                0x000000000800c9f4       0x40 components/modules/2d_bracket.o
                0x000000000800c9f4                tim_rcr_uev_callback
 .text.charge_test
                0x000000000800ca34       0x44 components/modules/charge_test.o
                0x000000000800ca34                charge_test
 .text.lens_pid_register
                0x000000000800ca78      0x19c components/modules/lens.o
                0x000000000800ca78                lens_pid_register
 .text.lens_find
                0x000000000800cc14       0x1c components/modules/lens.o
                0x000000000800cc14                lens_find
 .text.lens_execute
                0x000000000800cc30       0xc8 components/modules/lens.o
                0x000000000800cc30                lens_execute
 .text.lens_set_motors_target_by_distance
                0x000000000800ccf8       0xcc components/modules/lens.o
                0x000000000800ccf8                lens_set_motors_target_by_distance
 .text.protect_structure_register
                0x000000000800cdc4       0xa0 components/modules/protect_structure.o
                0x000000000800cdc4                protect_structure_register
 .text.protect_structure_find
                0x000000000800ce64       0x1c components/modules/protect_structure.o
                0x000000000800ce64                protect_structure_find
 .text.protect_structure_motor_run
                0x000000000800ce80       0x44 components/modules/protect_structure.o
                0x000000000800ce80                protect_structure_motor_run
 .text.stop_protect_motor
                0x000000000800cec4       0x2c components/modules/protect_structure.o
                0x000000000800cec4                stop_protect_motor
 .text.__list_add
                0x000000000800cef0       0x2e components/object/object.o
 .text.list_add
                0x000000000800cf1e       0x20 components/object/object.o
 .text.__list_del
                0x000000000800cf3e       0x20 components/object/object.o
 .text.list_del
                0x000000000800cf5e       0x20 components/object/object.o
 *fill*         0x000000000800cf7e        0x2 
 .text.object_get_information
                0x000000000800cf80       0x54 components/object/object.o
                0x000000000800cf80                object_get_information
 .text.object_init
                0x000000000800cfd4       0x74 components/object/object.o
                0x000000000800cfd4                object_init
 .text.object_find
                0x000000000800d048       0x92 components/object/object.o
                0x000000000800d048                object_find
 .text.object_detach
                0x000000000800d0da       0x36 components/object/object.o
                0x000000000800d0da                object_detach
 .text.fifo_s_init
                0x000000000800d110       0x42 components/support/fifo.o
                0x000000000800d110                fifo_s_init
 .text.fifo_s_puts
                0x000000000800d152       0xf6 components/support/fifo.o
                0x000000000800d152                fifo_s_puts
 .text.fifo_s_get
                0x000000000800d248       0x66 components/support/fifo.o
                0x000000000800d248                fifo_s_get
 .text.fifo_s_gets
                0x000000000800d2ae       0xf6 components/support/fifo.o
                0x000000000800d2ae                fifo_s_gets
 .text.fifo_s_used
                0x000000000800d3a4       0x16 components/support/fifo.o
                0x000000000800d3a4                fifo_s_used
 *fill*         0x000000000800d3ba        0x2 
 .text.pack_upload_data
                0x000000000800d3bc       0x7c components/support/package.o
                0x000000000800d3bc                pack_upload_data
 .text.atof     0x000000000800d438        0x6 c:/st/stm32cubeide_1.1.0/stm32cubeide/plugins/com.st.stm32cube.ide.mcu.externaltools.gnu-tools-for-stm32.7-2018-q2-update.win32_1.0.0.201904181610/tools/bin/../lib/gcc/arm-none-eabi/7.3.1/../../../../arm-none-eabi/lib/thumb/v7-m\libc_nano.a(lib_a-atof.o)
                0x000000000800d438                atof
 *fill*         0x000000000800d43e        0x2 
 .text.__libc_init_array
                0x000000000800d440       0x48 c:/st/stm32cubeide_1.1.0/stm32cubeide/plugins/com.st.stm32cube.ide.mcu.externaltools.gnu-tools-for-stm32.7-2018-q2-update.win32_1.0.0.201904181610/tools/bin/../lib/gcc/arm-none-eabi/7.3.1/../../../../arm-none-eabi/lib/thumb/v7-m\libc_nano.a(lib_a-init.o)
                0x000000000800d440                __libc_init_array
 .text.malloc   0x000000000800d488       0x10 c:/st/stm32cubeide_1.1.0/stm32cubeide/plugins/com.st.stm32cube.ide.mcu.externaltools.gnu-tools-for-stm32.7-2018-q2-update.win32_1.0.0.201904181610/tools/bin/../lib/gcc/arm-none-eabi/7.3.1/../../../../arm-none-eabi/lib/thumb/v7-m\libc_nano.a(lib_a-malloc.o)
                0x000000000800d488                malloc
 .text.memcpy   0x000000000800d498       0x16 c:/st/stm32cubeide_1.1.0/stm32cubeide/plugins/com.st.stm32cube.ide.mcu.externaltools.gnu-tools-for-stm32.7-2018-q2-update.win32_1.0.0.201904181610/tools/bin/../lib/gcc/arm-none-eabi/7.3.1/../../../../arm-none-eabi/lib/thumb/v7-m\libc_nano.a(lib_a-memcpy-stub.o)
                0x000000000800d498                memcpy
 .text.memset   0x000000000800d4ae       0x10 c:/st/stm32cubeide_1.1.0/stm32cubeide/plugins/com.st.stm32cube.ide.mcu.externaltools.gnu-tools-for-stm32.7-2018-q2-update.win32_1.0.0.201904181610/tools/bin/../lib/gcc/arm-none-eabi/7.3.1/../../../../arm-none-eabi/lib/thumb/v7-m\libc_nano.a(lib_a-memset.o)
                0x000000000800d4ae                memset
 *fill*         0x000000000800d4be        0x2 
 .text._malloc_r
                0x000000000800d4c0       0xb4 c:/st/stm32cubeide_1.1.0/stm32cubeide/plugins/com.st.stm32cube.ide.mcu.externaltools.gnu-tools-for-stm32.7-2018-q2-update.win32_1.0.0.201904181610/tools/bin/../lib/gcc/arm-none-eabi/7.3.1/../../../../arm-none-eabi/lib/thumb/v7-m\libc_nano.a(lib_a-nano-mallocr.o)
                0x000000000800d4c0                _malloc_r
 .text._sbrk_r  0x000000000800d574       0x20 c:/st/stm32cubeide_1.1.0/stm32cubeide/plugins/com.st.stm32cube.ide.mcu.externaltools.gnu-tools-for-stm32.7-2018-q2-update.win32_1.0.0.201904181610/tools/bin/../lib/gcc/arm-none-eabi/7.3.1/../../../../arm-none-eabi/lib/thumb/v7-m\libc_nano.a(lib_a-sbrkr.o)
                0x000000000800d574                _sbrk_r
 .text.strncmp  0x000000000800d594       0x24 c:/st/stm32cubeide_1.1.0/stm32cubeide/plugins/com.st.stm32cube.ide.mcu.externaltools.gnu-tools-for-stm32.7-2018-q2-update.win32_1.0.0.201904181610/tools/bin/../lib/gcc/arm-none-eabi/7.3.1/../../../../arm-none-eabi/lib/thumb/v7-m\libc_nano.a(lib_a-strncmp.o)
                0x000000000800d594                strncmp
 .text.strncpy  0x000000000800d5b8       0x2a c:/st/stm32cubeide_1.1.0/stm32cubeide/plugins/com.st.stm32cube.ide.mcu.externaltools.gnu-tools-for-stm32.7-2018-q2-update.win32_1.0.0.201904181610/tools/bin/../lib/gcc/arm-none-eabi/7.3.1/../../../../arm-none-eabi/lib/thumb/v7-m\libc_nano.a(lib_a-strncpy.o)
                0x000000000800d5b8                strncpy
 .text.unlikely.sulp
                0x000000000800d5e2       0x42 c:/st/stm32cubeide_1.1.0/stm32cubeide/plugins/com.st.stm32cube.ide.mcu.externaltools.gnu-tools-for-stm32.7-2018-q2-update.win32_1.0.0.201904181610/tools/bin/../lib/gcc/arm-none-eabi/7.3.1/../../../../arm-none-eabi/lib/thumb/v7-m\libc_nano.a(lib_a-strtod.o)
 *fill*         0x000000000800d624        0x4 
 .text._strtod_l
                0x000000000800d628      0xc00 c:/st/stm32cubeide_1.1.0/stm32cubeide/plugins/com.st.stm32cube.ide.mcu.externaltools.gnu-tools-for-stm32.7-2018-q2-update.win32_1.0.0.201904181610/tools/bin/../lib/gcc/arm-none-eabi/7.3.1/../../../../arm-none-eabi/lib/thumb/v7-m\libc_nano.a(lib_a-strtod.o)
                0x000000000800d628                _strtod_l
 .text.strtod   0x000000000800e228       0x24 c:/st/stm32cubeide_1.1.0/stm32cubeide/plugins/com.st.stm32cube.ide.mcu.externaltools.gnu-tools-for-stm32.7-2018-q2-update.win32_1.0.0.201904181610/tools/bin/../lib/gcc/arm-none-eabi/7.3.1/../../../../arm-none-eabi/lib/thumb/v7-m\libc_nano.a(lib_a-strtod.o)
                0x000000000800e228                strtod
 .text.rshift   0x000000000800e24c       0x76 c:/st/stm32cubeide_1.1.0/stm32cubeide/plugins/com.st.stm32cube.ide.mcu.externaltools.gnu-tools-for-stm32.7-2018-q2-update.win32_1.0.0.201904181610/tools/bin/../lib/gcc/arm-none-eabi/7.3.1/../../../../arm-none-eabi/lib/thumb/v7-m\libc_nano.a(lib_a-gdtoa-gethex.o)
 .text.__hexdig_fun
                0x000000000800e2c2       0x2a c:/st/stm32cubeide_1.1.0/stm32cubeide/plugins/com.st.stm32cube.ide.mcu.externaltools.gnu-tools-for-stm32.7-2018-q2-update.win32_1.0.0.201904181610/tools/bin/../lib/gcc/arm-none-eabi/7.3.1/../../../../arm-none-eabi/lib/thumb/v7-m\libc_nano.a(lib_a-gdtoa-gethex.o)
                0x000000000800e2c2                __hexdig_fun
 .text.__gethex
                0x000000000800e2ec      0x444 c:/st/stm32cubeide_1.1.0/stm32cubeide/plugins/com.st.stm32cube.ide.mcu.externaltools.gnu-tools-for-stm32.7-2018-q2-update.win32_1.0.0.201904181610/tools/bin/../lib/gcc/arm-none-eabi/7.3.1/../../../../arm-none-eabi/lib/thumb/v7-m\libc_nano.a(lib_a-gdtoa-gethex.o)
                0x000000000800e2ec                __gethex
 .text.L_shift  0x000000000800e730       0x24 c:/st/stm32cubeide_1.1.0/stm32cubeide/plugins/com.st.stm32cube.ide.mcu.externaltools.gnu-tools-for-stm32.7-2018-q2-update.win32_1.0.0.201904181610/tools/bin/../lib/gcc/arm-none-eabi/7.3.1/../../../../arm-none-eabi/lib/thumb/v7-m\libc_nano.a(lib_a-gdtoa-hexnan.o)
 .text.__match  0x000000000800e754       0x28 c:/st/stm32cubeide_1.1.0/stm32cubeide/plugins/com.st.stm32cube.ide.mcu.externaltools.gnu-tools-for-stm32.7-2018-q2-update.win32_1.0.0.201904181610/tools/bin/../lib/gcc/arm-none-eabi/7.3.1/../../../../arm-none-eabi/lib/thumb/v7-m\libc_nano.a(lib_a-gdtoa-hexnan.o)
                0x000000000800e754                __match
 .text.__hexnan
                0x000000000800e77c      0x120 c:/st/stm32cubeide_1.1.0/stm32cubeide/plugins/com.st.stm32cube.ide.mcu.externaltools.gnu-tools-for-stm32.7-2018-q2-update.win32_1.0.0.201904181610/tools/bin/../lib/gcc/arm-none-eabi/7.3.1/../../../../arm-none-eabi/lib/thumb/v7-m\libc_nano.a(lib_a-gdtoa-hexnan.o)
                0x000000000800e77c                __hexnan
 .text.__localeconv_l
                0x000000000800e89c        0x4 c:/st/stm32cubeide_1.1.0/stm32cubeide/plugins/com.st.stm32cube.ide.mcu.externaltools.gnu-tools-for-stm32.7-2018-q2-update.win32_1.0.0.201904181610/tools/bin/../lib/gcc/arm-none-eabi/7.3.1/../../../../arm-none-eabi/lib/thumb/v7-m\libc_nano.a(lib_a-localeconv.o)
                0x000000000800e89c                __localeconv_l
 .text.__ascii_mbtowc
                0x000000000800e8a0       0x24 c:/st/stm32cubeide_1.1.0/stm32cubeide/plugins/com.st.stm32cube.ide.mcu.externaltools.gnu-tools-for-stm32.7-2018-q2-update.win32_1.0.0.201904181610/tools/bin/../lib/gcc/arm-none-eabi/7.3.1/../../../../arm-none-eabi/lib/thumb/v7-m\libc_nano.a(lib_a-mbtowc_r.o)
                0x000000000800e8a0                __ascii_mbtowc
 .text.__malloc_lock
                0x000000000800e8c4        0x2 c:/st/stm32cubeide_1.1.0/stm32cubeide/plugins/com.st.stm32cube.ide.mcu.externaltools.gnu-tools-for-stm32.7-2018-q2-update.win32_1.0.0.201904181610/tools/bin/../lib/gcc/arm-none-eabi/7.3.1/../../../../arm-none-eabi/lib/thumb/v7-m\libc_nano.a(lib_a-mlock.o)
                0x000000000800e8c4                __malloc_lock
 .text.__malloc_unlock
                0x000000000800e8c6        0x2 c:/st/stm32cubeide_1.1.0/stm32cubeide/plugins/com.st.stm32cube.ide.mcu.externaltools.gnu-tools-for-stm32.7-2018-q2-update.win32_1.0.0.201904181610/tools/bin/../lib/gcc/arm-none-eabi/7.3.1/../../../../arm-none-eabi/lib/thumb/v7-m\libc_nano.a(lib_a-mlock.o)
                0x000000000800e8c6                __malloc_unlock
 .text._Balloc  0x000000000800e8c8       0x68 c:/st/stm32cubeide_1.1.0/stm32cubeide/plugins/com.st.stm32cube.ide.mcu.externaltools.gnu-tools-for-stm32.7-2018-q2-update.win32_1.0.0.201904181610/tools/bin/../lib/gcc/arm-none-eabi/7.3.1/../../../../arm-none-eabi/lib/thumb/v7-m\libc_nano.a(lib_a-mprec.o)
                0x000000000800e8c8                _Balloc
 .text._Bfree   0x000000000800e930       0x2e c:/st/stm32cubeide_1.1.0/stm32cubeide/plugins/com.st.stm32cube.ide.mcu.externaltools.gnu-tools-for-stm32.7-2018-q2-update.win32_1.0.0.201904181610/tools/bin/../lib/gcc/arm-none-eabi/7.3.1/../../../../arm-none-eabi/lib/thumb/v7-m\libc_nano.a(lib_a-mprec.o)
                0x000000000800e930                _Bfree
 .text.__multadd
                0x000000000800e95e       0x76 c:/st/stm32cubeide_1.1.0/stm32cubeide/plugins/com.st.stm32cube.ide.mcu.externaltools.gnu-tools-for-stm32.7-2018-q2-update.win32_1.0.0.201904181610/tools/bin/../lib/gcc/arm-none-eabi/7.3.1/../../../../arm-none-eabi/lib/thumb/v7-m\libc_nano.a(lib_a-mprec.o)
                0x000000000800e95e                __multadd
 .text.__s2b    0x000000000800e9d4       0x7c c:/st/stm32cubeide_1.1.0/stm32cubeide/plugins/com.st.stm32cube.ide.mcu.externaltools.gnu-tools-for-stm32.7-2018-q2-update.win32_1.0.0.201904181610/tools/bin/../lib/gcc/arm-none-eabi/7.3.1/../../../../arm-none-eabi/lib/thumb/v7-m\libc_nano.a(lib_a-mprec.o)
                0x000000000800e9d4                __s2b
 .text.__hi0bits
                0x000000000800ea50       0x3e c:/st/stm32cubeide_1.1.0/stm32cubeide/plugins/com.st.stm32cube.ide.mcu.externaltools.gnu-tools-for-stm32.7-2018-q2-update.win32_1.0.0.201904181610/tools/bin/../lib/gcc/arm-none-eabi/7.3.1/../../../../arm-none-eabi/lib/thumb/v7-m\libc_nano.a(lib_a-mprec.o)
                0x000000000800ea50                __hi0bits
 .text.__lo0bits
                0x000000000800ea8e       0x5e c:/st/stm32cubeide_1.1.0/stm32cubeide/plugins/com.st.stm32cube.ide.mcu.externaltools.gnu-tools-for-stm32.7-2018-q2-update.win32_1.0.0.201904181610/tools/bin/../lib/gcc/arm-none-eabi/7.3.1/../../../../arm-none-eabi/lib/thumb/v7-m\libc_nano.a(lib_a-mprec.o)
                0x000000000800ea8e                __lo0bits
 .text.__i2b    0x000000000800eaec       0x12 c:/st/stm32cubeide_1.1.0/stm32cubeide/plugins/com.st.stm32cube.ide.mcu.externaltools.gnu-tools-for-stm32.7-2018-q2-update.win32_1.0.0.201904181610/tools/bin/../lib/gcc/arm-none-eabi/7.3.1/../../../../arm-none-eabi/lib/thumb/v7-m\libc_nano.a(lib_a-mprec.o)
                0x000000000800eaec                __i2b
 .text.__multiply
                0x000000000800eafe      0x12a c:/st/stm32cubeide_1.1.0/stm32cubeide/plugins/com.st.stm32cube.ide.mcu.externaltools.gnu-tools-for-stm32.7-2018-q2-update.win32_1.0.0.201904181610/tools/bin/../lib/gcc/arm-none-eabi/7.3.1/../../../../arm-none-eabi/lib/thumb/v7-m\libc_nano.a(lib_a-mprec.o)
                0x000000000800eafe                __multiply
 .text.__pow5mult
                0x000000000800ec28       0x9c c:/st/stm32cubeide_1.1.0/stm32cubeide/plugins/com.st.stm32cube.ide.mcu.externaltools.gnu-tools-for-stm32.7-2018-q2-update.win32_1.0.0.201904181610/tools/bin/../lib/gcc/arm-none-eabi/7.3.1/../../../../arm-none-eabi/lib/thumb/v7-m\libc_nano.a(lib_a-mprec.o)
                0x000000000800ec28                __pow5mult
 .text.__lshift
                0x000000000800ecc4       0xa8 c:/st/stm32cubeide_1.1.0/stm32cubeide/plugins/com.st.stm32cube.ide.mcu.externaltools.gnu-tools-for-stm32.7-2018-q2-update.win32_1.0.0.201904181610/tools/bin/../lib/gcc/arm-none-eabi/7.3.1/../../../../arm-none-eabi/lib/thumb/v7-m\libc_nano.a(lib_a-mprec.o)
                0x000000000800ecc4                __lshift
 .text.__mcmp   0x000000000800ed6c       0x34 c:/st/stm32cubeide_1.1.0/stm32cubeide/plugins/com.st.stm32cube.ide.mcu.externaltools.gnu-tools-for-stm32.7-2018-q2-update.win32_1.0.0.201904181610/tools/bin/../lib/gcc/arm-none-eabi/7.3.1/../../../../arm-none-eabi/lib/thumb/v7-m\libc_nano.a(lib_a-mprec.o)
                0x000000000800ed6c                __mcmp
 .text.__mdiff  0x000000000800eda0       0xbc c:/st/stm32cubeide_1.1.0/stm32cubeide/plugins/com.st.stm32cube.ide.mcu.externaltools.gnu-tools-for-stm32.7-2018-q2-update.win32_1.0.0.201904181610/tools/bin/../lib/gcc/arm-none-eabi/7.3.1/../../../../arm-none-eabi/lib/thumb/v7-m\libc_nano.a(lib_a-mprec.o)
                0x000000000800eda0                __mdiff
 .text.__ulp    0x000000000800ee5c       0x48 c:/st/stm32cubeide_1.1.0/stm32cubeide/plugins/com.st.stm32cube.ide.mcu.externaltools.gnu-tools-for-stm32.7-2018-q2-update.win32_1.0.0.201904181610/tools/bin/../lib/gcc/arm-none-eabi/7.3.1/../../../../arm-none-eabi/lib/thumb/v7-m\libc_nano.a(lib_a-mprec.o)
                0x000000000800ee5c                __ulp
 .text.__b2d    0x000000000800eea4       0xa4 c:/st/stm32cubeide_1.1.0/stm32cubeide/plugins/com.st.stm32cube.ide.mcu.externaltools.gnu-tools-for-stm32.7-2018-q2-update.win32_1.0.0.201904181610/tools/bin/../lib/gcc/arm-none-eabi/7.3.1/../../../../arm-none-eabi/lib/thumb/v7-m\libc_nano.a(lib_a-mprec.o)
                0x000000000800eea4                __b2d
 .text.__d2b    0x000000000800ef48       0x9e c:/st/stm32cubeide_1.1.0/stm32cubeide/plugins/com.st.stm32cube.ide.mcu.externaltools.gnu-tools-for-stm32.7-2018-q2-update.win32_1.0.0.201904181610/tools/bin/../lib/gcc/arm-none-eabi/7.3.1/../../../../arm-none-eabi/lib/thumb/v7-m\libc_nano.a(lib_a-mprec.o)
                0x000000000800ef48                __d2b
 .text.__ratio  0x000000000800efe6       0x5c c:/st/stm32cubeide_1.1.0/stm32cubeide/plugins/com.st.stm32cube.ide.mcu.externaltools.gnu-tools-for-stm32.7-2018-q2-update.win32_1.0.0.201904181610/tools/bin/../lib/gcc/arm-none-eabi/7.3.1/../../../../arm-none-eabi/lib/thumb/v7-m\libc_nano.a(lib_a-mprec.o)
                0x000000000800efe6                __ratio
 .text.__copybits
                0x000000000800f042       0x34 c:/st/stm32cubeide_1.1.0/stm32cubeide/plugins/com.st.stm32cube.ide.mcu.externaltools.gnu-tools-for-stm32.7-2018-q2-update.win32_1.0.0.201904181610/tools/bin/../lib/gcc/arm-none-eabi/7.3.1/../../../../arm-none-eabi/lib/thumb/v7-m\libc_nano.a(lib_a-mprec.o)
                0x000000000800f042                __copybits
 .text.__any_on
                0x000000000800f076       0x42 c:/st/stm32cubeide_1.1.0/stm32cubeide/plugins/com.st.stm32cube.ide.mcu.externaltools.gnu-tools-for-stm32.7-2018-q2-update.win32_1.0.0.201904181610/tools/bin/../lib/gcc/arm-none-eabi/7.3.1/../../../../arm-none-eabi/lib/thumb/v7-m\libc_nano.a(lib_a-mprec.o)
                0x000000000800f076                __any_on
 .text._calloc_r
                0x000000000800f0b8       0x1c c:/st/stm32cubeide_1.1.0/stm32cubeide/plugins/com.st.stm32cube.ide.mcu.externaltools.gnu-tools-for-stm32.7-2018-q2-update.win32_1.0.0.201904181610/tools/bin/../lib/gcc/arm-none-eabi/7.3.1/../../../../arm-none-eabi/lib/thumb/v7-m\libc_nano.a(lib_a-nano-callocr.o)
                0x000000000800f0b8                _calloc_r
 .text.__ascii_wctomb
                0x000000000800f0d4       0x1a c:/st/stm32cubeide_1.1.0/stm32cubeide/plugins/com.st.stm32cube.ide.mcu.externaltools.gnu-tools-for-stm32.7-2018-q2-update.win32_1.0.0.201904181610/tools/bin/../lib/gcc/arm-none-eabi/7.3.1/../../../../arm-none-eabi/lib/thumb/v7-m\libc_nano.a(lib_a-wctomb_r.o)
                0x000000000800f0d4                __ascii_wctomb
 *fill*         0x000000000800f0ee        0x2 
 .text._sbrk    0x000000000800f0f0       0x1c c:/st/stm32cubeide_1.1.0/stm32cubeide/plugins/com.st.stm32cube.ide.mcu.externaltools.gnu-tools-for-stm32.7-2018-q2-update.win32_1.0.0.201904181610/tools/bin/../lib/gcc/arm-none-eabi/7.3.1/../../../../arm-none-eabi/lib/thumb/v7-m\libnosys.a(sbrk.o)
                0x000000000800f0f0                _sbrk
 *(.glue_7)