drv_uart.c:48:6:usart_rx_callback_register	16	static
drv_uart.c:54:6:usart1_rx_callback_register	16	static
drv_uart.c:60:6:usart3_rx_callback_register	16	static
drv_uart.c:80:6:HAL_UART_RxCpltCallback	16	static
drv_uart.c:94:6:HAL_UART_TxCpltCallback	16	static
drv_uart.c:108:6:usart3_idle_callback	16	static
drv_uart.c:117:6:usart1_idle_callback	16	static
drv_uart.c:126:6:usart3_manage_init	8	static
drv_uart.c:144:6:usart1_manage_init	8	static
drv_uart.c:162:5:usart1_printf	144	static
drv_uart.c:183:6:usart3_transmit	16	static
drv_uart.c:188:6:usart1_transmit	16	static
drv_uart.c:193:10:usart_transmit	32	static
drv_uart.c:244:13:usart_transmit_hook	24	static
drv_uart.c:272:13:usart_rec_to_buff	40	static
