stm32f1xx_it.c:86:6:NMI_Handler	4	static
stm32f1xx_it.c:99:6:HardFault_Handler	4	static
stm32f1xx_it.c:114:6:MemManage_Handler	4	static
stm32f1xx_it.c:129:6:BusFault_Handler	4	static
stm32f1xx_it.c:144:6:UsageFault_Handler	4	static
stm32f1xx_it.c:159:6:DebugMon_Handler	4	static
stm32f1xx_it.c:179:6:DMA1_Channel1_IRQHandler	8	static
stm32f1xx_it.c:193:6:DMA1_Channel2_IRQHandler	8	static
stm32f1xx_it.c:207:6:DMA1_Channel3_IRQHandler	8	static
stm32f1xx_it.c:221:6:DMA1_Channel4_IRQHandler	8	static
stm32f1xx_it.c:235:6:DMA1_Channel5_IRQHandler	8	static
stm32f1xx_it.c:249:6:ADC1_2_IRQHandler	8	static
stm32f1xx_it.c:264:6:TIM4_IRQHandler	8	static
stm32f1xx_it.c:278:6:USART1_IRQHandler	8	static
stm32f1xx_it.c:292:6:USART3_IRQHandler	8	static
stm32f1xx_it.c:306:6:EXTI15_10_IRQHandler	8	static
stm32f1xx_it.c:321:6:TIM8_UP_IRQHandler	8	static
stm32f1xx_it.c:335:6:ADC3_IRQHandler	8	static
stm32f1xx_it.c:349:6:TIM6_IRQHandler	8	static
